Component: Arm Compiler for Embedded 6.21 Tool: armlink [5ec1fa00]

==============================================================================

Section Cross References

    onboardleds.o(.text.FlashLED1) refers to systick.o(.text.SysTick_Wait10ms) for SysTick_Wait10ms
    onboardleds.o(.ARM.exidx.text.FlashLED1) refers to onboardleds.o(.text.FlashLED1) for [Anonymous Symbol]
    onboardleds.o(.text.FlashLED2) refers to systick.o(.text.SysTick_Wait10ms) for SysTick_Wait10ms
    onboardleds.o(.ARM.exidx.text.FlashLED2) refers to onboardleds.o(.text.FlashLED2) for [Anonymous Symbol]
    onboardleds.o(.text.FlashLED3) refers to systick.o(.text.SysTick_Wait10ms) for SysTick_Wait10ms
    onboardleds.o(.ARM.exidx.text.FlashLED3) refers to onboardleds.o(.text.FlashLED3) for [Anonymous Symbol]
    onboardleds.o(.text.FlashLED4) refers to systick.o(.text.SysTick_Wait10ms) for SysTick_Wait10ms
    onboardleds.o(.ARM.exidx.text.FlashLED4) refers to onboardleds.o(.text.FlashLED4) for [Anonymous Symbol]
    onboardleds.o(.text.FlashAllLEDs) refers to systick.o(.text.SysTick_Wait10ms) for SysTick_Wait10ms
    onboardleds.o(.ARM.exidx.text.FlashAllLEDs) refers to onboardleds.o(.text.FlashAllLEDs) for [Anonymous Symbol]
    onboardleds.o(.ARM.exidx.text.FlashI2CTx) refers to onboardleds.o(.text.FlashI2CTx) for [Anonymous Symbol]
    onboardleds.o(.ARM.exidx.text.FlashI2CRx) refers to onboardleds.o(.text.FlashI2CRx) for [Anonymous Symbol]
    onboardleds.o(.ARM.exidx.text.FlashI2CError) refers to onboardleds.o(.text.FlashI2CError) for [Anonymous Symbol]
    onboardleds.o(.text.onboardLEDs_Init) refers to onboardleds.o(.text.FlashAllLEDs) for FlashAllLEDs
    onboardleds.o(.ARM.exidx.text.onboardLEDs_Init) refers to onboardleds.o(.text.onboardLEDs_Init) for [Anonymous Symbol]
    pll.o(.ARM.exidx.text.PLL_Init) refers to pll.o(.text.PLL_Init) for [Anonymous Symbol]
    systick.o(.ARM.exidx.text.SysTick_Init) refers to systick.o(.text.SysTick_Init) for [Anonymous Symbol]
    systick.o(.ARM.exidx.text.SysTick_Wait) refers to systick.o(.text.SysTick_Wait) for [Anonymous Symbol]
    systick.o(.text.SysTick_Wait10ms) refers to systick.o(.text.SysTick_Wait) for SysTick_Wait
    systick.o(.ARM.exidx.text.SysTick_Wait10ms) refers to systick.o(.text.SysTick_Wait10ms) for [Anonymous Symbol]
    systick.o(.text.SysTick_Wait7ms) refers to systick.o(.text.SysTick_Wait) for SysTick_Wait
    systick.o(.ARM.exidx.text.SysTick_Wait7ms) refers to systick.o(.text.SysTick_Wait7ms) for [Anonymous Symbol]
    uart.o(.ARM.exidx.text.UART_Init) refers to uart.o(.text.UART_Init) for [Anonymous Symbol]
    uart.o(.ARM.exidx.text.UART_InChar) refers to uart.o(.text.UART_InChar) for [Anonymous Symbol]
    uart.o(.ARM.exidx.text.UART_OutChar) refers to uart.o(.text.UART_OutChar) for [Anonymous Symbol]
    uart.o(.text.UART_printf) refers to uart.o(.text.UART_OutChar) for UART_OutChar
    uart.o(.ARM.exidx.text.UART_printf) refers to uart.o(.text.UART_printf) for [Anonymous Symbol]
    uart.o(.text.Status_Check) refers to uart.o(.text.UART_printf) for UART_printf
    uart.o(.text.Status_Check) refers to uart.o(.bss.printf_buffer) for printf_buffer
    uart.o(.text.Status_Check) refers to uart.o(.rodata.str1.1) for .L.str
    uart.o(.text.Status_Check) refers to sprintf.o(.text) for sprintf
    uart.o(.ARM.exidx.text.Status_Check) refers to uart.o(.text.Status_Check) for [Anonymous Symbol]
    vl53l1_platform_2dx4.o(.ARM.exidx.text.beginTxI2C) refers to vl53l1_platform_2dx4.o(.text.beginTxI2C) for [Anonymous Symbol]
    vl53l1_platform_2dx4.o(.ARM.exidx.text.beginRxI2C) refers to vl53l1_platform_2dx4.o(.text.beginRxI2C) for [Anonymous Symbol]
    vl53l1_platform_2dx4.o(.text.writeRegisterIndex) refers to onboardleds.o(.text.FlashI2CTx) for FlashI2CTx
    vl53l1_platform_2dx4.o(.text.writeRegisterIndex) refers to systick.o(.text.SysTick_Wait) for SysTick_Wait
    vl53l1_platform_2dx4.o(.text.writeRegisterIndex) refers to onboardleds.o(.text.FlashI2CError) for FlashI2CError
    vl53l1_platform_2dx4.o(.ARM.exidx.text.writeRegisterIndex) refers to vl53l1_platform_2dx4.o(.text.writeRegisterIndex) for [Anonymous Symbol]
    vl53l1_platform_2dx4.o(.text.writeRegisterIndex_nostop) refers to onboardleds.o(.text.FlashI2CTx) for FlashI2CTx
    vl53l1_platform_2dx4.o(.text.writeRegisterIndex_nostop) refers to systick.o(.text.SysTick_Wait) for SysTick_Wait
    vl53l1_platform_2dx4.o(.text.writeRegisterIndex_nostop) refers to onboardleds.o(.text.FlashI2CError) for FlashI2CError
    vl53l1_platform_2dx4.o(.ARM.exidx.text.writeRegisterIndex_nostop) refers to vl53l1_platform_2dx4.o(.text.writeRegisterIndex_nostop) for [Anonymous Symbol]
    vl53l1_platform_2dx4.o(.text.writeI2C) refers to onboardleds.o(.text.FlashI2CTx) for FlashI2CTx
    vl53l1_platform_2dx4.o(.text.writeI2C) refers to systick.o(.text.SysTick_Wait) for SysTick_Wait
[...]
    [Anonymous Symbol]                       0x000022a0   Section        0  vl53l1_platform_2dx4.o(.text.VL53L1_WrByte)
    [Anonymous Symbol]                       0x000022d0   Section        0  vl53l1_platform_2dx4.o(.text.VL53L1_WrDWord)
    [Anonymous Symbol]                       0x000022f4   Section        0  vl53l1_platform_2dx4.o(.text.VL53L1_WrWord)
    [Anonymous Symbol]                       0x00002340   Section        0  vl53l1_platform_2dx4.o(.text.beginRxI2C)
    [Anonymous Symbol]                       0x00002364   Section        0  vl53l1_platform_2dx4.o(.text.beginTxI2C)
    [Anonymous Symbol]                       0x00002388   Section        0  finalproject.o(.text.bootToFChip)
    [Anonymous Symbol]                       0x000023cc   Section        0  finalproject.o(.text.initialize_sensor)
    [Anonymous Symbol]                       0x00002450   Section        0  finalproject.o(.text.main)
    [Anonymous Symbol]                       0x00002660   Section        0  finalproject.o(.text.measureYZ)
    [Anonymous Symbol]                       0x00002780   Section        0  onboardleds.o(.text.onboardLEDs_Init)
    [Anonymous Symbol]                       0x00002854   Section        0  vl53l1_platform_2dx4.o(.text.readI2C)
    [Anonymous Symbol]                       0x000028d0   Section        0  finalproject.o(.text.return_home)
    [Anonymous Symbol]                       0x000028e8   Section        0  finalproject.o(.text.rotate)
    setStepAndWait                           0x000029a5   Thumb Code    42  finalproject.o(.text.setStepAndWait)
    [Anonymous Symbol]                       0x000029a4   Section        0  finalproject.o(.text.setStepAndWait)
    [Anonymous Symbol]                       0x000029d0   Section        0  finalproject.o(.text.updateAngle)
    [Anonymous Symbol]                       0x00002a84   Section        0  vl53l1_platform_2dx4.o(.text.writeI2C)
    [Anonymous Symbol]                       0x00002b98   Section        0  vl53l1_platform_2dx4.o(.text.writeRegisterIndex)
    [Anonymous Symbol]                       0x00002c88   Section        0  vl53l1_platform_2dx4.o(.text.writeRegisterIndex_nostop)
    CL$$btod_d2e                             0x00002d78   Section       62  btod.o(CL$$btod_d2e)
    CL$$btod_d2e_denorm_low                  0x00002db6   Section       70  btod.o(CL$$btod_d2e_denorm_low)
    CL$$btod_d2e_norm_op1                    0x00002dfc   Section       96  btod.o(CL$$btod_d2e_norm_op1)
    CL$$btod_div_common                      0x00002e5c   Section      824  btod.o(CL$$btod_div_common)
    CL$$btod_e2e                             0x00003194   Section      220  btod.o(CL$$btod_e2e)
    CL$$btod_ediv                            0x00003270   Section       42  btod.o(CL$$btod_ediv)
    CL$$btod_emul                            0x0000329a   Section       42  btod.o(CL$$btod_emul)
    CL$$btod_mult_common                     0x000032c4   Section      580  btod.o(CL$$btod_mult_common)
    i.__ARM_fpclassify                       0x00003508   Section        0  fpclassify.o(i.__ARM_fpclassify)
    i._is_digit                              0x00003538   Section        0  __printf_wp.o(i._is_digit)
    locale$$code                             0x00003548   Section       44  lc_numeric_c.o(locale$$code)
    locale$$code                             0x00003574   Section       44  lc_ctype_c.o(locale$$code)
    $v0                                      0x000035a0   Number         0  d2f.o(x$fpl$d2f)
    x$fpl$d2f                                0x000035a0   Section       98  d2f.o(x$fpl$d2f)
    $v0                                      0x00003602   Number         0  dcmpi.o(x$fpl$dcmpinf)
    x$fpl$dcmpinf                            0x00003602   Section       24  dcmpi.o(x$fpl$dcmpinf)
    $v0                                      0x0000361c   Number         0  ddiv.o(x$fpl$ddiv)
    x$fpl$ddiv                               0x0000361c   Section      692  ddiv.o(x$fpl$ddiv)
    ddiv_entry                               0x00003623   Thumb Code     0  ddiv.o(x$fpl$ddiv)
    $v0                                      0x000038d0   Number         0  deqf.o(x$fpl$deqf)
    x$fpl$deqf                               0x000038d0   Section      120  deqf.o(x$fpl$deqf)
    $v0                                      0x00003948   Number         0  dfixu.o(x$fpl$dfixu)
    x$fpl$dfixu                              0x00003948   Section       90  dfixu.o(x$fpl$dfixu)
    $v0                                      0x000039a2   Number         0  dflt_clz.o(x$fpl$dflt)
    x$fpl$dflt                               0x000039a2   Section       46  dflt_clz.o(x$fpl$dflt)
    $v0                                      0x000039d0   Number         0  dflt_clz.o(x$fpl$dfltu)
    x$fpl$dfltu                              0x000039d0   Section       38  dflt_clz.o(x$fpl$dfltu)
    $v0                                      0x000039f8   Number         0  dgeqf.o(x$fpl$dgeqf)
    x$fpl$dgeqf                              0x000039f8   Section      120  dgeqf.o(x$fpl$dgeqf)
    $v0                                      0x00003a70   Number         0  dleqf.o(x$fpl$dleqf)
    x$fpl$dleqf                              0x00003a70   Section      120  dleqf.o(x$fpl$dleqf)
    $v0                                      0x00003ae8   Number         0  dmul.o(x$fpl$dmul)
    x$fpl$dmul                               0x00003ae8   Section      340  dmul.o(x$fpl$dmul)
    $v0                                      0x00003c3c   Number         0  dnaninf.o(x$fpl$dnaninf)
    x$fpl$dnaninf                            0x00003c3c   Section      156  dnaninf.o(x$fpl$dnaninf)
    $v0                                      0x00003cd8   Number         0  dretinf.o(x$fpl$dretinf)
    x$fpl$dretinf                            0x00003cd8   Section       12  dretinf.o(x$fpl$dretinf)
    $v0                                      0x00003ce4   Number         0  f2d.o(x$fpl$f2d)
    x$fpl$f2d                                0x00003ce4   Section       86  f2d.o(x$fpl$f2d)
    $v0                                      0x00003d3a   Number         0  dcmp.o(x$fpl$fcmp)
    x$fpl$fcmp                               0x00003d3a   Section       84  dcmp.o(x$fpl$fcmp)
    $v0                                      0x00003d8e   Number         0  fnaninf.o(x$fpl$fnaninf)
    x$fpl$fnaninf                            0x00003d8e   Section      140  fnaninf.o(x$fpl$fnaninf)
    $v0                                      0x00003e1a   Number         0  fpinit.o(x$fpl$fpinit)
    x$fpl$fpinit                             0x00003e1a   Section       26  fpinit.o(x$fpl$fpinit)
    $v0                                      0x00003e34   Number         0  fretinf.o(x$fpl$fretinf)
    x$fpl$fretinf                            0x00003e34   Section       10  fretinf.o(x$fpl$fretinf)
    $v0                                      0x00003e3e   Number         0  printf1.o(x$fpl$printf1)
    x$fpl$printf1                            0x00003e3e   Section        4  printf1.o(x$fpl$printf1)
    $v0                                      0x00003e42   Number         0  printf2.o(x$fpl$printf2)
    x$fpl$printf2                            0x00003e42   Section        4  printf2.o(x$fpl$printf2)
    x$fpl$usenofp                            0x00003e46   Section        0  usenofp.o(x$fpl$usenofp)
    initial_mbstate                          0x00003e48   Data           8  _printf_wctomb.o(.constdata)
    .constdata                               0x00003e48   Section        8  _printf_wctomb.o(.constdata)
    uc_hextab                                0x00003e50   Data          20  _printf_hex_int_ll_ptr.o(.constdata)
    .constdata                               0x00003e50   Section       40  _printf_hex_int_ll_ptr.o(.constdata)
    lc_hextab                                0x00003e64   Data          20  _printf_hex_int_ll_ptr.o(.constdata)
    maptable                                 0x00003e78   Data          17  __printf_flags_ss_wp.o(.constdata)
    .constdata                               0x00003e78   Section       17  __printf_flags_ss_wp.o(.constdata)
    lc_hextab                                0x00003e89   Data          19  _printf_fp_hex.o(.constdata)
    .constdata                               0x00003e89   Section       38  _printf_fp_hex.o(.constdata)
    uc_hextab                                0x00003e9c   Data          19  _printf_fp_hex.o(.constdata)
    tenpwrs_x                                0x00003eb0   Data          60  bigflt0.o(.constdata)
    .constdata                               0x00003eb0   Section      148  bigflt0.o(.constdata)
    tenpwrs_i                                0x00003eec   Data          64  bigflt0.o(.constdata)
    .L.str                                   0x00003f9f   Data          20  uart.o(.rodata.str1.1)
    [Anonymous Symbol]                       0x00003f9f   Section        0  uart.o(.rodata.str1.1)
    .L.str.1                                 0x00003fb3   Data          15  uart.o(.rodata.str1.1)
    .L.str.1                                 0x00003fc2   Data          29  vl53l1x_api.o(.rodata.str1.1)
    [Anonymous Symbol]                       0x00003fc2   Section        0  vl53l1x_api.o(.rodata.str1.1)
    .L.str                                   0x00003fdf   Data          22  vl53l1x_api.o(.rodata.str1.1)
    .L.str                                   0x00003ff5   Data          27  finalproject.o(.rodata.str1.1)
    [Anonymous Symbol]                       0x00003ff5   Section        0  finalproject.o(.rodata.str1.1)
    .L.str.3                                 0x00004010   Data          34  finalproject.o(.rodata.str1.1)
    .L.str.4                                 0x00004032   Data          22  finalproject.o(.rodata.str1.1)
    .L.str.5                                 0x00004048   Data           5  finalproject.o(.rodata.str1.1)
    .L.str.9                                 0x0000404d   Data          20  finalproject.o(.rodata.str1.1)
    .L.str.6                                 0x00004061   Data          29  finalproject.o(.rodata.str1.1)
    .L.str.2                                 0x0000407e   Data          51  finalproject.o(.rodata.str1.1)
    .L.str.8                                 0x000040ae   Data           3  finalproject.o(.rodata.str1.1)
    .L.str.7                                 0x000040b1   Data           4  finalproject.o(.rodata.str1.1)
    .L.str.1                                 0x000040b5   Data          11  finalproject.o(.rodata.str1.1)
    locale$$data                             0x000040e0   Section       28  lc_numeric_c.o(locale$$data)
    __lcnum_c_name                           0x000040e4   Data           2  lc_numeric_c.o(locale$$data)
    __lcnum_c_start                          0x000040ec   Data           0  lc_numeric_c.o(locale$$data)
    __lcnum_c_point                          0x000040f8   Data           0  lc_numeric_c.o(locale$$data)
    __lcnum_c_thousands                      0x000040fa   Data           0  lc_numeric_c.o(locale$$data)
    __lcnum_c_grouping                       0x000040fb   Data           0  lc_numeric_c.o(locale$$data)
    __lcnum_c_end                            0x000040fc   Data           0  lc_numeric_c.o(locale$$data)
    locale$$data                             0x000040fc   Section      272  lc_ctype_c.o(locale$$data)
    __lcctype_c_name                         0x00004100   Data           2  lc_ctype_c.o(locale$$data)
    __lcctype_c_start                        0x00004108   Data           0  lc_ctype_c.o(locale$$data)
    __lcctype_c_end                          0x0000420c   Data           0  lc_ctype_c.o(locale$$data)
    .bss                                     0x20000028   Section       96  libspace.o(.bss)
    printf_buffer                            0x20000490   Data        1023  uart.o(.bss.printf_buffer)
    [Anonymous Symbol]                       0x20000490   Section        0  uart.o(.bss.printf_buffer)
    printf_buffer                            0x2000088f   Data        1023  finalproject.o(.bss.printf_buffer)
    [Anonymous Symbol]                       0x2000088f   Section        0  finalproject.o(.bss.printf_buffer)
    Heap_Mem                                 0x20000c98   Data           0  startup_msp432e401y_uvision.o(HEAP)
    Stack_Mem                                0x20000c98   Data         512  startup_msp432e401y_uvision.o(STACK)
    HEAP                                     0x20000c98   Section        0  startup_msp432e401y_uvision.o(HEAP)
    STACK                                    0x20000c98   Section      512  startup_msp432e401y_uvision.o(STACK)
    __initial_sp                             0x20000e98   Data           0  startup_msp432e401y_uvision.o(STACK)

    Global Symbols

    Symbol Name                              Value     Ov Type        Size  Object(Section)

    BuildAttributes$$THM_ISAv4$E$P$D$K$B$S$7EM$VFPi3$EXTD16$VFPS$VFMA$PE$A:L22UL41UL21$X:L11$S22US41US21$IEEE1$IW$~IW$USESV6$~STKCKD$USESV7$~SHL$OTIME$ROPI$IEEEJ$EBA8$UX$STANDARDLIB$REQ8$PRES8$EABIv2 0x00000000   Number         0  anon$$obj.o ABSOLUTE
    __Vectors                                0x00000000   Data           4  startup_msp432e401y_uvision.o(RESET)
    _printf_flags                            0x00000000   Number         0  printf_stubs.o ABSOLUTE
    _printf_return_value                     0x00000000   Number         0  printf_stubs.o ABSOLUTE
    _printf_sizespec                         0x00000000   Number         0  printf_stubs.o ABSOLUTE
    _printf_widthprec                        0x00000000   Number         0  printf_stubs.o ABSOLUTE
    __ARM_exceptions_init                     - Undefined Weak Reference
    __alloca_initialize                       - Undefined Weak Reference
    __arm_preinit_                            - Undefined Weak Reference
    __arm_relocate_pie_                       - Undefined Weak Reference
    __cpp_initialize__aeabi_                  - Undefined Weak Reference
    __cxa_finalize                            - Undefined Weak Reference
    __sigvec_lookup                           - Undefined Weak Reference
    _atexit_init                              - Undefined Weak Reference
    _call_atexit_fns                          - Undefined Weak Reference
    _clock_init                               - Undefined Weak Reference
    _fp_trap_init                             - Undefined Weak Reference
    _fp_trap_shutdown                         - Undefined Weak Reference
    _get_lc_collate                           - Undefined Weak Reference
    _get_lc_monetary                          - Undefined Weak Reference
    _get_lc_time                              - Undefined Weak Reference
    _getenv_init                              - Undefined Weak Reference
    _handle_redirection                       - Undefined Weak Reference
    _init_alloc                               - Undefined Weak Reference
    _init_user_alloc                          - Undefined Weak Reference
    _initio                                   - Undefined Weak Reference
    _printf_mbtowc                            - Undefined Weak Reference
    _printf_wc                                - Undefined Weak Reference
    _rand_init                                - Undefined Weak Reference
    _signal_finish                            - Undefined Weak Reference
    _signal_init                              - Undefined Weak Reference
    _terminate_alloc                          - Undefined Weak Reference
    _terminate_user_alloc                     - Undefined Weak Reference
    _terminateio                              - Undefined Weak Reference
    __Vectors_End                            0x000001fc   Data           0  startup_msp432e401y_uvision.o(RESET)
    __Vectors_Size                           0x000001fc   Number         0  startup_msp432e401y_uvision.o ABSOLUTE
    __main                                   0x000001fd   Thumb Code     8  __main.o(!!!main)
    __scatterload                            0x00000205   Thumb Code     0  __scatter.o(!!!scatter)
    __scatterload_rt2                        0x00000205   Thumb Code    84  __scatter.o(!!!scatter)
    __scatterload_rt2_thumb_only             0x00000205   Thumb Code     0  __scatter.o(!!!scatter)
    __scatterload_loop                       0x0000020f   Thumb Code     0  __scatter.o(!!!scatter)
    __scatterload_copy                       0x00000261   Thumb Code    26  __scatter_copy.o(!!handler_copy)
    __scatterload_null                       0x0000027d   Thumb Code     2  __scatter.o(!!handler_null)
    __scatterload_zeroinit                   0x00000281   Thumb Code    28  __scatter_zi.o(!!handler_zi)
    _printf_n                                0x0000029d   Thumb Code     0  _printf_n.o(.ARM.Collect$$_printf_percent$$00000001)
    _printf_percent                          0x0000029d   Thumb Code     0  _printf_percent.o(.ARM.Collect$$_printf_percent$$00000000)
    _printf_p                                0x000002a3   Thumb Code     0  _printf_p.o(.ARM.Collect$$_printf_percent$$00000002)
    _printf_f                                0x000002a9   Thumb Code     0  _printf_f.o(.ARM.Collect$$_printf_percent$$00000003)
    _printf_e                                0x000002af   Thumb Code     0  _printf_e.o(.ARM.Collect$$_printf_percent$$00000004)
    _printf_g                                0x000002b5   Thumb Code     0  _printf_g.o(.ARM.Collect$$_printf_percent$$00000005)
    _printf_a                                0x000002bb   Thumb Code     0  _printf_a.o(.ARM.Collect$$_printf_percent$$00000006)
    _printf_ll                               0x000002c1   Thumb Code     0  _printf_ll.o(.ARM.Collect$$_printf_percent$$00000007)
    _printf_i                                0x000002cb   Thumb Code     0  _printf_i.o(.ARM.Collect$$_printf_percent$$00000008)
    _printf_d                                0x000002d1   Thumb Code     0  _printf_d.o(.ARM.Collect$$_printf_percent$$00000009)
    _printf_u                                0x000002d7   Thumb Code     0  _printf_u.o(.ARM.Collect$$_printf_percent$$0000000A)
    _printf_o                                0x000002dd   Thumb Code     0  _printf_o.o(.ARM.Collect$$_printf_percent$$0000000B)
    _printf_x                                0x000002e3   Thumb Code     0  _printf_x.o(.ARM.Collect$$_printf_percent$$0000000C)
    _printf_lli                              0x000002e9   Thumb Code     0  _printf_lli.o(.ARM.Collect$$_printf_percent$$0000000D)
    _printf_lld                              0x000002ef   Thumb Code     0  _printf_lld.o(.ARM.Collect$$_printf_percent$$0000000E)
    _printf_llu                              0x000002f5   Thumb Code     0  _printf_llu.o(.ARM.Collect$$_printf_percent$$0000000F)
    _printf_llo                              0x000002fb   Thumb Code     0  _printf_llo.o(.ARM.Collect$$_printf_percent$$00000010)
    _printf_llx                              0x00000301   Thumb Code     0  _printf_llx.o(.ARM.Collect$$_printf_percent$$00000011)
    _printf_l                                0x00000307   Thumb Code     0  _printf_l.o(.ARM.Collect$$_printf_percent$$00000012)
    _printf_c                                0x00000311   Thumb Code     0  _printf_c.o(.ARM.Collect$$_printf_percent$$00000013)
    _printf_s                                0x00000317   Thumb Code     0  _printf_s.o(.ARM.Collect$$_printf_percent$$00000014)
    _printf_lc                               0x0000031d   Thumb Code     0  _printf_lc.o(.ARM.Collect$$_printf_percent$$00000015)
    _printf_ls                               0x00000323   Thumb Code     0  _printf_ls.o(.ARM.Collect$$_printf_percent$$00000016)
    _printf_percent_end                      0x00000329   Thumb Code     0  _printf_percent_end.o(.ARM.Collect$$_printf_percent$$00000017)
    __rt_lib_init                            0x0000032d   Thumb Code     0  libinit.o(.ARM.Collect$$libinit$$00000000)
    __rt_lib_init_fp_1                       0x0000032f   Thumb Code     0  libinit2.o(.ARM.Collect$$libinit$$00000001)
    __rt_lib_init_heap_1                     0x00000333   Thumb Code     0  libinit2.o(.ARM.Collect$$libinit$$0000000C)
    __rt_lib_init_lc_common                  0x00000333   Thumb Code     0  libinit2.o(.ARM.Collect$$libinit$$00000011)
    __rt_lib_init_preinit_1                  0x00000333   Thumb Code     0  libinit2.o(.ARM.Collect$$libinit$$00000006)
    __rt_lib_init_rand_1                     0x00000333   Thumb Code     0  libinit2.o(.ARM.Collect$$libinit$$00000010)
    __rt_lib_init_relocate_pie_1             0x00000333   Thumb Code     0  libinit2.o(.ARM.Collect$$libinit$$00000004)
    __rt_lib_init_user_alloc_1               0x00000333   Thumb Code     0  libinit2.o(.ARM.Collect$$libinit$$0000000E)
    __rt_lib_init_lc_collate_1               0x00000339   Thumb Code     0  libinit2.o(.ARM.Collect$$libinit$$00000013)
    __rt_lib_init_lc_ctype_2                 0x00000339   Thumb Code     0  libinit2.o(.ARM.Collect$$libinit$$00000014)
    __rt_lib_init_lc_ctype_1                 0x00000345   Thumb Code     0  libinit2.o(.ARM.Collect$$libinit$$00000015)
    __rt_lib_init_lc_monetary_1              0x00000345   Thumb Code     0  libinit2.o(.ARM.Collect$$libinit$$00000017)
    __rt_lib_init_lc_numeric_2               0x00000345   Thumb Code     0  libinit2.o(.ARM.Collect$$libinit$$00000018)
    __rt_lib_init_alloca_1                   0x0000034f   Thumb Code     0  libinit2.o(.ARM.Collect$$libinit$$00000030)
    __rt_lib_init_argv_1                     0x0000034f   Thumb Code     0  libinit2.o(.ARM.Collect$$libinit$$0000002E)
    __rt_lib_init_atexit_1                   0x0000034f   Thumb Code     0  libinit2.o(.ARM.Collect$$libinit$$0000001D)
    __rt_lib_init_clock_1                    0x0000034f   Thumb Code     0  libinit2.o(.ARM.Collect$$libinit$$00000023)
    __rt_lib_init_cpp_1                      0x0000034f   Thumb Code     0  libinit2.o(.ARM.Collect$$libinit$$00000034)
    __rt_lib_init_exceptions_1               0x0000034f   Thumb Code     0  libinit2.o(.ARM.Collect$$libinit$$00000032)
    __rt_lib_init_fp_trap_1                  0x0000034f   Thumb Code     0  libinit2.o(.ARM.Collect$$libinit$$00000021)
    __rt_lib_init_getenv_1                   0x0000034f   Thumb Code     0  libinit2.o(.ARM.Collect$$libinit$$00000025)
    __rt_lib_init_lc_numeric_1               0x0000034f   Thumb Code     0  libinit2.o(.ARM.Collect$$libinit$$00000019)
    __rt_lib_init_lc_time_1                  0x0000034f   Thumb Code     0  libinit2.o(.ARM.Collect$$libinit$$0000001B)
    __rt_lib_init_return                     0x0000034f   Thumb Code     0  libinit2.o(.ARM.Collect$$libinit$$00000035)
    __rt_lib_init_signal_1                   0x0000034f   Thumb Code     0  libinit2.o(.ARM.Collect$$libinit$$0000001F)
    __rt_lib_init_stdio_1                    0x0000034f   Thumb Code     0  libinit2.o(.ARM.Collect$$libinit$$00000027)
    __rt_lib_shutdown                        0x00000351   Thumb Code     0  libshutdown.o(.ARM.Collect$$libshutdown$$00000000)
    __rt_lib_shutdown_cpp_1                  0x00000353   Thumb Code     0  libshutdown2.o(.ARM.Collect$$libshutdown$$00000002)
    __rt_lib_shutdown_fp_trap_1              0x00000353   Thumb Code     0  libshutdown2.o(.ARM.Collect$$libshutdown$$00000007)
    __rt_lib_shutdown_heap_1                 0x00000353   Thumb Code     0  libshutdown2.o(.ARM.Collect$$libshutdown$$0000000F)
    __rt_lib_shutdown_return                 0x00000353   Thumb Code     0  libshutdown2.o(.ARM.Collect$$libshutdown$$00000010)
    __rt_lib_shutdown_signal_1               0x00000353   Thumb Code     0  libshutdown2.o(.ARM.Collect$$libshutdown$$0000000A)
    __rt_lib_shutdown_stdio_1                0x00000353   Thumb Code     0  libshutdown2.o(.ARM.Collect$$libshutdown$$00000004)
    __rt_lib_shutdown_user_alloc_1           0x00000353   Thumb Code     0  libshutdown2.o(.ARM.Collect$$libshutdown$$0000000C)
    __rt_entry                               0x00000355   Thumb Code     0  __rtentry.o(.ARM.Collect$$rtentry$$00000000)
    __rt_entry_presh_1                       0x00000355   Thumb Code     0  __rtentry2.o(.ARM.Collect$$rtentry$$00000002)
    __rt_entry_sh                            0x00000355   Thumb Code     0  __rtentry4.o(.ARM.Collect$$rtentry$$00000004)
    __rt_entry_li                            0x0000035b   Thumb Code     0  __rtentry2.o(.ARM.Collect$$rtentry$$0000000A)
    __rt_entry_postsh_1                      0x0000035b   Thumb Code     0  __rtentry2.o(.ARM.Collect$$rtentry$$00000009)
    __rt_entry_main                          0x0000035f   Thumb Code     0  __rtentry2.o(.ARM.Collect$$rtentry$$0000000D)
    __rt_entry_postli_1                      0x0000035f   Thumb Code     0  __rtentry2.o(.ARM.Collect$$rtentry$$0000000C)
    __rt_exit                                0x00000367   Thumb Code     0  rtexit.o(.ARM.Collect$$rtexit$$00000000)
    __rt_exit_ls                             0x00000369   Thumb Code     0  rtexit2.o(.ARM.Collect$$rtexit$$00000003)
    __rt_exit_prels_1                        0x00000369   Thumb Code     0  rtexit2.o(.ARM.Collect$$rtexit$$00000002)
    __rt_exit_exit                           0x0000036d   Thumb Code     0  rtexit2.o(.ARM.Collect$$rtexit$$00000004)
    Reset_Handler                            0x00000375   Thumb Code     8  startup_msp432e401y_uvision.o(.text)
    NMI_Handler                              0x0000037d   Thumb Code     2  startup_msp432e401y_uvision.o(.text)
    HardFault_Handler                        0x0000037f   Thumb Code     2  startup_msp432e401y_uvision.o(.text)
    MemManage_Handler                        0x00000381   Thumb Code     2  startup_msp432e401y_uvision.o(.text)
    BusFault_Handler                         0x00000383   Thumb Code     2  startup_msp432e401y_uvision.o(.text)
    UsageFault_Handler                       0x00000385   Thumb Code     2  startup_msp432e401y_uvision.o(.text)
    SVC_Handler                              0x00000387   Thumb Code     2  startup_msp432e401y_uvision.o(.text)
    DebugMon_Handler                         0x00000389   Thumb Code     2  startup_msp432e401y_uvision.o(.text)
    PendSV_Handler                           0x0000038b   Thumb Code     2  startup_msp432e401y_uvision.o(.text)
    SysTick_Handler                          0x0000038d   Thumb Code     2  startup_msp432e401y_uvision.o(.text)
    ADC0SS0_IRQHandler                       0x0000038f   Thumb Code     0  startup_msp432e401y_uvision.o(.text)
    ADC0SS1_IRQHandler                       0x0000038f   Thumb Code     0  startup_msp432e401y_uvision.o(.text)
    ADC0SS2_IRQHandler                       0x0000038f   Thumb Code     0  startup_msp432e401y_uvision.o(.text)
    ADC0SS3_IRQHandler                       0x0000038f   Thumb Code     0  startup_msp432e401y_uvision.o(.text)
    ADC1SS0_IRQHandler                       0x0000038f   Thumb Code     0  startup_msp432e401y_uvision.o(.text)
    ADC1SS1_IRQHandler                       0x0000038f   Thumb Code     0  startup_msp432e401y_uvision.o(.text)
    ADC1SS2_IRQHandler                       0x0000038f   Thumb Code     0  startup_msp432e401y_uvision.o(.text)
    ADC1SS3_IRQHandler                       0x0000038f   Thumb Code     0  startup_msp432e401y_uvision.o(.text)
    AES0_IRQHandler                          0x0000038f   Thumb Code     0  startup_msp432e401y_uvision.o(.text)
    CAN0_IRQHandler                          0x0000038f   Thumb Code     0  startup_msp432e401y_uvision.o(.text)
    CAN1_IRQHandler                          0x0000038f   Thumb Code     0  startup_msp432e401y_uvision.o(.text)
    COMP0_IRQHandler                         0x0000038f   Thumb Code     0  startup_msp432e401y_uvision.o(.text)
    COMP1_IRQHandler                         0x0000038f   Thumb Code     0  startup_msp432e401y_uvision.o(.text)
    COMP2_IRQHandler                         0x0000038f   Thumb Code     0  startup_msp432e401y_uvision.o(.text)
    DES0_IRQHandler                          0x0000038f   Thumb Code     0  startup_msp432e401y_uvision.o(.text)
    EMAC0_IRQHandler                         0x0000038f   Thumb Code     0  startup_msp432e401y_uvision.o(.text)
    EPI0_IRQHandler                          0x0000038f   Thumb Code     0  startup_msp432e401y_uvision.o(.text)
    FLASH_IRQHandler                         0x0000038f   Thumb Code     0  startup_msp432e401y_uvision.o(.text)
    GPIOA_IRQHandler                         0x0000038f   Thumb Code     0  startup_msp432e401y_uvision.o(.text)
    GPIOB_IRQHandler                         0x0000038f   Thumb Code     0  startup_msp432e401y_uvision.o(.text)
    GPIOC_IRQHandler                         0x0000038f   Thumb Code     0  startup_msp432e401y_uvision.o(.text)
    GPIOD_IRQHandler                         0x0000038f   Thumb Code     0  startup_msp432e401y_uvision.o(.text)
    GPIOE_IRQHandler                         0x0000038f   Thumb Code     0  startup_msp432e401y_uvision.o(.text)
    GPIOF_IRQHandler                         0x0000038f   Thumb Code     0  startup_msp432e401y_uvision.o(.text)
    GPIOG_IRQHandler                         0x0000038f   Thumb Code     0  startup_msp432e401y_uvision.o(.text)
    GPIOH_IRQHandler                         0x0000038f   Thumb Code     0  startup_msp432e401y_uvision.o(.text)
    GPIOJ_IRQHandler                         0x0000038f   Thumb Code     0  startup_msp432e401y_uvision.o(.text)
    GPIOK_IRQHandler                         0x0000038f   Thumb Code     0  startup_msp432e401y_uvision.o(.text)
    GPIOL_IRQHandler                         0x0000038f   Thumb Code     0  startup_msp432e401y_uvision.o(.text)
    GPIOM_IRQHandler                         0x0000038f   Thumb Code     0  startup_msp432e401y_uvision.o(.text)
    GPION_IRQHandler                         0x0000038f   Thumb Code     0  startup_msp432e401y_uvision.o(.text)
    GPIOP0_IRQHandler                        0x0000038f   Thumb Code     0  startup_msp432e401y_uvision.o(.text)
    GPIOP1_IRQHandler                        0x0000038f   Thumb Code     0  startup_msp432e401y_uvision.o(.text)
    GPIOP2_IRQHandler                        0x0000038f   Thumb Code     0  startup_msp432e401y_uvision.o(.text)
    GPIOP3_IRQHandler                        0x0000038f   Thumb Code     0  startup_msp432e401y_uvision.o(.text)
    GPIOP4_IRQHandler                        0x0000038f   Thumb Code     0  startup_msp432e401y_uvision.o(.text)
    GPIOP5_IRQHandler                        0x0000038f   Thumb Code     0  startup_msp432e401y_uvision.o(.text)
    GPIOP6_IRQHandler                        0x0000038f   Thumb Code     0  startup_msp432e401y_uvision.o(.text)
    GPIOP7_IRQHandler                        0x0000038f   Thumb Code     0  startup_msp432e401y_uvision.o(.text)
    GPIOQ0_IRQHandler                        0x0000038f   Thumb Code     0  startup_msp432e401y_uvision.o(.text)
    GPIOQ1_IRQHandler                        0x0000038f   Thumb Code     0  startup_msp432e401y_uvision.o(.text)
    GPIOQ2_IRQHandler                        0x0000038f   Thumb Code     0  startup_msp432e401y_uvision.o(.text)
    GPIOQ3_IRQHandler                        0x0000038f   Thumb Code     0  startup_msp432e401y_uvision.o(.text)
    GPIOQ4_IRQHandler                        0x0000038f   Thumb Code     0  startup_msp432e401y_uvision.o(.text)
    GPIOQ5_IRQHandler                        0x0000038f   Thumb Code     0  startup_msp432e401y_uvision.o(.text)
    GPIOQ6_IRQHandler                        0x0000038f   Thumb Code     0  startup_msp432e401y_uvision.o(.text)
    GPIOQ7_IRQHandler                        0x0000038f   Thumb Code     0  startup_msp432e401y_uvision.o(.text)
    HIBERNATE_IRQHandler                     0x0000038f   Thumb Code     0  startup_msp432e401y_uvision.o(.text)
    I2C0_IRQHandler                          0x0000038f   Thumb Code     0  startup_msp432e401y_uvision.o(.text)
    I2C1_IRQHandler                          0x0000038f   Thumb Code     0  startup_msp432e401y_uvision.o(.text)
    I2C2_IRQHandler                          0x0000038f   Thumb Code     0  startup_msp432e401y_uvision.o(.text)
    I2C3_IRQHandler                          0x0000038f   Thumb Code     0  startup_msp432e401y_uvision.o(.text)
    I2C4_IRQHandler                          0x0000038f   Thumb Code     0  startup_msp432e401y_uvision.o(.text)
    I2C5_IRQHandler                          0x0000038f   Thumb Code     0  startup_msp432e401y_uvision.o(.text)
    I2C6_IRQHandler                          0x0000038f   Thumb Code     0  startup_msp432e401y_uvision.o(.text)
    I2C7_IRQHandler                          0x0000038f   Thumb Code     0  startup_msp432e401y_uvision.o(.text)
    I2C8_IRQHandler                          0x0000038f   Thumb Code     0  startup_msp432e401y_uvision.o(.text)
    I2C9_IRQHandler                          0x0000038f   Thumb Code     0  startup_msp432e401y_uvision.o(.text)
    PWM0_0_IRQHandler                        0x0000038f   Thumb Code     0  startup_msp432e401y_uvision.o(.text)
    PWM0_1_IRQHandler                        0x0000038f   Thumb Code     0  startup_msp432e401y_uvision.o(.text)
    PWM0_2_IRQHandler                        0x0000038f   Thumb Code     0  startup_msp432e401y_uvision.o(.text)
    PWM0_3_IRQHandler                        0x0000038f   Thumb Code     0  startup_msp432e401y_uvision.o(.text)
    PWM0_FAULT_IRQHandler                    0x0000038f   Thumb Code     0  startup_msp432e401y_uvision.o(.text)
    QEI0_IRQHandler                          0x0000038f   Thumb Code     0  startup_msp432e401y_uvision.o(.text)
    SHA0_IRQHandler                          0x0000038f   Thumb Code     0  startup_msp432e401y_uvision.o(.text)
    SSI0_IRQHandler                          0x0000038f   Thumb Code     0  startup_msp432e401y_uvision.o(.text)
    SSI1_IRQHandler                          0x0000038f   Thumb Code     0  startup_msp432e401y_uvision.o(.text)
    SSI2_IRQHandler                          0x0000038f   Thumb Code     0  startup_msp432e401y_uvision.o(.text)
    SSI3_IRQHandler                          0x0000038f   Thumb Code     0  startup_msp432e401y_uvision.o(.text)
    SYSCTL_IRQHandler                        0x0000038f   Thumb Code     0  startup_msp432e401y_uvision.o(.text)
    SYSEXC_IRQHandler                        0x0000038f   Thumb Code     0  startup_msp432e401y_uvision.o(.text)
    TAMPER0_IRQHandler                       0x0000038f   Thumb Code     0  startup_msp432e401y_uvision.o(.text)
    TIMER0A_IRQHandler                       0x0000038f   Thumb Code     0  startup_msp432e401y_uvision.o(.text)
    TIMER0B_IRQHandler                       0x0000038f   Thumb Code     0  startup_msp432e401y_uvision.o(.text)
    TIMER1A_IRQHandler                       0x0000038f   Thumb Code     0  startup_msp432e401y_uvision.o(.text)
    TIMER1B_IRQHandler                       0x0000038f   Thumb Code     0  startup_msp432e401y_uvision.o(.text)
    TIMER2A_IRQHandler                       0x0000038f   Thumb Code     0  startup_msp432e401y_uvision.o(.text)
    TIMER2B_IRQHandler                       0x0000038f   Thumb Code     0  startup_msp432e401y_uvision.o(.text)
    TIMER3A_IRQHandler                       0x0000038f   Thumb Code     0  startup_msp432e401y_uvision.o(.text)
    TIMER3B_IRQHandler                       0x0000038f   Thumb Code     0  startup_msp432e401y_uvision.o(.text)
    TIMER4A_IRQHandler                       0x0000038f   Thumb Code     0  startup_msp432e401y_uvision.o(.text)
    TIMER4B_IRQHandler                       0x0000038f   Thumb Code     0  startup_msp432e401y_uvision.o(.text)
    TIMER5A_IRQHandler                       0x0000038f   Thumb Code     0  startup_msp432e401y_uvision.o(.text)
    TIMER5B_IRQHandler                       0x0000038f   Thumb Code     0  startup_msp432e401y_uvision.o(.text)
    TIMER6A_IRQHandler                       0x0000038f   Thumb Code     0  startup_msp432e401y_uvision.o(.text)
    TIMER6B_IRQHandler                       0x0000038f   Thumb Code     0  startup_msp432e401y_uvision.o(.text)
    TIMER7A_IRQHandler                       0x0000038f   Thumb Code     0  startup_msp432e401y_uvision.o(.text)
    TIMER7B_IRQHandler                       0x0000038f   Thumb Code     0  startup_msp432e401y_uvision.o(.text)
    UART0_IRQHandler                         0x0000038f   Thumb Code     0  startup_msp432e401y_uvision.o(.text)
    UART1_IRQHandler                         0x0000038f   Thumb Code     0  startup_msp432e401y_uvision.o(.text)
    UART2_IRQHandler                         0x0000038f   Thumb Code     0  startup_msp432e401y_uvision.o(.text)
    UART3_IRQHandler                         0x0000038f   Thumb Code     0  startup_msp432e401y_uvision.o(.text)
    UART4_IRQHandler                         0x0000038f   Thumb Code     0  startup_msp432e401y_uvision.o(.text)
    UART5_IRQHandler                         0x0000038f   Thumb Code     0  startup_msp432e401y_uvision.o(.text)
    UART6_IRQHandler                         0x0000038f   Thumb Code     0  startup_msp432e401y_uvision.o(.text)
    UART7_IRQHandler                         0x0000038f   Thumb Code     0  startup_msp432e401y_uvision.o(.text)
    UDMAERR_IRQHandler                       0x0000038f   Thumb Code     0  startup_msp432e401y_uvision.o(.text)
    UDMA_IRQHandler                          0x0000038f   Thumb Code     0  startup_msp432e401y_uvision.o(.text)
    USB0_IRQHandler                          0x0000038f   Thumb Code     0  startup_msp432e401y_uvision.o(.text)
    WATCHDOG_IRQHandler                      0x0000038f   Thumb Code     0  startup_msp432e401y_uvision.o(.text)
    __user_initial_stackheap                 0x00000391   Thumb Code    10  startup_msp432e401y_uvision.o(.text)
    sprintf                                  0x000003b1   Thumb Code    38  sprintf.o(.text)
    __use_two_region_memory                  0x000003dd   Thumb Code     2  heapauxi.o(.text)
    __rt_heap_escrow$2region                 0x000003df   Thumb Code     2  heapauxi.o(.text)
    __rt_heap_expand$2region                 0x000003e1   Thumb Code     2  heapauxi.o(.text)
    _printf_pre_padding                      0x000003e3   Thumb Code    44  _printf_pad.o(.text)
    _printf_post_padding                     0x0000040f   Thumb Code    34  _printf_pad.o(.text)
    _printf_truncate_signed                  0x00000431   Thumb Code    18  _printf_truncate.o(.text)
    _printf_truncate_unsigned                0x00000443   Thumb Code    18  _printf_truncate.o(.text)
    _printf_str                              0x00000455   Thumb Code    82  _printf_str.o(.text)
    _printf_int_dec                          0x000004a9   Thumb Code   104  _printf_dec.o(.text)
    _printf_charcount                        0x00000521   Thumb Code    40  _printf_charcount.o(.text)
    _printf_char_common                      0x00000553   Thumb Code    32  _printf_char_common.o(.text)
    _sputc                                   0x00000579   Thumb Code    10  _sputc.o(.text)
    _printf_wctomb                           0x00000585   Thumb Code   182  _printf_wctomb.o(.text)
    _printf_longlong_dec                     0x00000641   Thumb Code   108  _printf_longlong_dec.o(.text)
    _printf_longlong_oct                     0x000006bd   Thumb Code    68  _printf_oct_int_ll.o(.text)
    _printf_int_oct                          0x00000701   Thumb Code    24  _printf_oct_int_ll.o(.text)
    _printf_ll_oct                           0x00000719   Thumb Code    12  _printf_oct_int_ll.o(.text)
    _printf_longlong_hex                     0x0000072d   Thumb Code    86  _printf_hex_int_ll_ptr.o(.text)
    _printf_int_hex                          0x00000783   Thumb Code    28  _printf_hex_int_ll_ptr.o(.text)
    _printf_ll_hex                           0x0000079f   Thumb Code    12  _printf_hex_int_ll_ptr.o(.text)
    _printf_hex_ptr                          0x000007ab   Thumb Code    18  _printf_hex_int_ll_ptr.o(.text)
    __printf                                 0x000007c1   Thumb Code   388  __printf_flags_ss_wp.o(.text)
    _ll_udiv10                               0x00000949   Thumb Code   138  lludiv10.o(.text)
    _printf_int_common                       0x000009d3   Thumb Code   178  _printf_intcommon.o(.text)
    _printf_fp_dec_real                      0x00000c35   Thumb Code   620  _printf_fp_dec.o(.text)
    _printf_fp_hex_real                      0x00000ea1   Thumb Code   756  _printf_fp_hex.o(.text)
    _printf_cs_common                        0x0000119d   Thumb Code    20  _printf_char.o(.text)
    _printf_char                             0x000011b1   Thumb Code    16  _printf_char.o(.text)
    _printf_string                           0x000011c1   Thumb Code     8  _printf_char.o(.text)
    _printf_lcs_common                       0x000011c9   Thumb Code    20  _printf_wchar.o(.text)
    _printf_wchar                            0x000011dd   Thumb Code    16  _printf_wchar.o(.text)
    _printf_wstring                          0x000011ed   Thumb Code     8  _printf_wchar.o(.text)
    _c16rtomb                                0x000011f5   Thumb Code    72  _c16rtomb.o(.text)
    _wcrtomb                                 0x000011f5   Thumb Code     0  _c16rtomb.o(.text)
    __user_setup_stackheap                   0x0000123d   Thumb Code    74  sys_stackheap_outer.o(.text)
    __rt_ctype_table                         0x00001289   Thumb Code    16  rt_ctype_table.o(.text)
    __rt_locale                              0x00001299   Thumb Code     8  rt_locale_intlibspace.o(.text)
    _printf_fp_infnan                        0x000012a1   Thumb Code   112  _printf_fp_infnan.o(.text)
    _btod_etento                             0x00001321   Thumb Code   224  bigflt0.o(.text)
    exit                                     0x00001405   Thumb Code    18  exit.o(.text)
    __user_libspace                          0x00001419   Thumb Code     8  libspace.o(.text)
    __user_perproc_libspace                  0x00001419   Thumb Code     0  libspace.o(.text)
    __user_perthread_libspace                0x00001419   Thumb Code     0  libspace.o(.text)
    strcmp                                   0x00001421   Thumb Code   124  strcmpv7em.o(.text)
    _sys_exit                                0x0000149d   Thumb Code     8  sys_exit.o(.text)
    __I$use$semihosting                      0x000014a9   Thumb Code     0  use_no_semi.o(.text)
    __use_no_semihosting_swi                 0x000014a9   Thumb Code     2  use_no_semi.o(.text)
    __semihosting_library_function           0x000014ab   Thumb Code     0  indicate_semi.o(.text)
    FlashAllLEDs                             0x000014ad   Thumb Code    78  onboardleds.o(.text.FlashAllLEDs)
    FlashI2CError                            0x000014fd   Thumb Code     8  onboardleds.o(.text.FlashI2CError)
    FlashI2CRx                               0x00001505   Thumb Code     2  onboardleds.o(.text.FlashI2CRx)
    FlashI2CTx                               0x00001509   Thumb Code     2  onboardleds.o(.text.FlashI2CTx)
    FlashLED4                                0x0000150d   Thumb Code    66  onboardleds.o(.text.FlashLED4)
    I2C_Init                                 0x00001551   Thumb Code   132  finalproject.o(.text.I2C_Init)
    PLL_Init                                 0x000015d5   Thumb Code   316  pll.o(.text.PLL_Init)
    PortH_Init                               0x00001711   Thumb Code    62  finalproject.o(.text.PortH_Init)
    PortL_Init                               0x00001751   Thumb Code    64  finalproject.o(.text.PortL_Init)
    PortM_Init                               0x00001791   Thumb Code    62  finalproject.o(.text.PortM_Init)
    Status_Check                             0x000017d1   Thumb Code    76  uart.o(.text.Status_Check)
    SysTick_Init                             0x0000181d   Thumb Code    42  systick.o(.text.SysTick_Init)
    SysTick_Wait                             0x00001849   Thumb Code    54  systick.o(.text.SysTick_Wait)
    SysTick_Wait10ms                         0x00001881   Thumb Code    48  systick.o(.text.SysTick_Wait10ms)
    SystemInit                               0x000018b1   Thumb Code    36  system_msp432e401y.o(.text.SystemInit)
    UART_Init                                0x000018d5   Thumb Code   234  uart.o(.text.UART_Init)
    UART_OutChar                             0x000019c1   Thumb Code    46  uart.o(.text.UART_OutChar)
    UART_printf                              0x000019f1   Thumb Code    44  uart.o(.text.UART_printf)
    VL53L1X_BootState                        0x00001a1d   Thumb Code    54  vl53l1x_api.o(.text.VL53L1X_BootState)
    VL53L1X_CheckForDataReady                0x00001a55   Thumb Code   102  vl53l1x_api.o(.text.VL53L1X_CheckForDataReady)
    VL53L1X_ClearInterrupt                   0x00001abd   Thumb Code    38  vl53l1x_api.o(.text.VL53L1X_ClearInterrupt)
    VL53L1X_GetDistance                      0x00001ae5   Thumb Code    48  vl53l1x_api.o(.text.VL53L1X_GetDistance)
    VL53L1X_GetDistanceMode                  0x00001b15   Thumb Code    78  vl53l1x_api.o(.text.VL53L1X_GetDistanceMode)
    VL53L1X_GetInterruptPolarity             0x00001b65   Thumb Code    70  vl53l1x_api.o(.text.VL53L1X_GetInterruptPolarity)
    VL53L1X_GetTimingBudgetInMs              0x00001bad   Thumb Code   248  vl53l1x_api.o(.text.VL53L1X_GetTimingBudgetInMs)
    VL53L1X_SensorInit                       0x00001ca5   Thumb Code   284  vl53l1x_api.o(.text.VL53L1X_SensorInit)
    VL53L1X_SetDistanceMode                  0x00001dc1   Thumb Code   326  vl53l1x_api.o(.text.VL53L1X_SetDistanceMode)
    VL53L1X_SetInterMeasurementInMs          0x00001f09   Thumb Code   120  vl53l1x_api.o(.text.VL53L1X_SetInterMeasurementInMs)
    VL53L1X_SetTimingBudgetInMs              0x00001f89   Thumb Code   586  vl53l1x_api.o(.text.VL53L1X_SetTimingBudgetInMs)
    VL53L1X_StartRanging                     0x000021d5   Thumb Code    38  vl53l1x_api.o(.text.VL53L1X_StartRanging)
    VL53L1X_StopRanging                      0x000021fd   Thumb Code    36  vl53l1x_api.o(.text.VL53L1X_StopRanging)
    VL53L1_RdByte                            0x00002221   Thumb Code    50  vl53l1_platform_2dx4.o(.text.VL53L1_RdByte)
    VL53L1_RdWord                            0x00002255   Thumb Code    76  vl53l1_platform_2dx4.o(.text.VL53L1_RdWord)
    VL53L1_WrByte                            0x000022a1   Thumb Code    48  vl53l1_platform_2dx4.o(.text.VL53L1_WrByte)
    VL53L1_WrDWord                           0x000022d1   Thumb Code    36  vl53l1_platform_2dx4.o(.text.VL53L1_WrDWord)
    VL53L1_WrWord                            0x000022f5   Thumb Code    74  vl53l1_platform_2dx4.o(.text.VL53L1_WrWord)
    beginRxI2C                               0x00002341   Thumb Code    36  vl53l1_platform_2dx4.o(.text.beginRxI2C)
    beginTxI2C                               0x00002365   Thumb Code    36  vl53l1_platform_2dx4.o(.text.beginTxI2C)
    bootToFChip                              0x00002389   Thumb Code    68  finalproject.o(.text.bootToFChip)
    initialize_sensor                        0x000023cd   Thumb Code   128  finalproject.o(.text.initialize_sensor)
    main                                     0x00002451   Thumb Code   520  finalproject.o(.text.main)
    measureYZ                                0x00002661   Thumb Code   280  finalproject.o(.text.measureYZ)
    onboardLEDs_Init                         0x00002781   Thumb Code   212  onboardleds.o(.text.onboardLEDs_Init)
    readI2C                                  0x00002855   Thumb Code   122  vl53l1_platform_2dx4.o(.text.readI2C)
    return_home                              0x000028d1   Thumb Code    24  finalproject.o(.text.return_home)
    rotate                                   0x000028e9   Thumb Code   186  finalproject.o(.text.rotate)
    updateAngle                              0x000029d1   Thumb Code   168  finalproject.o(.text.updateAngle)
    writeI2C                                 0x00002a85   Thumb Code   276  vl53l1_platform_2dx4.o(.text.writeI2C)
    writeRegisterIndex                       0x00002b99   Thumb Code   240  vl53l1_platform_2dx4.o(.text.writeRegisterIndex)
    writeRegisterIndex_nostop                0x00002c89   Thumb Code   240  vl53l1_platform_2dx4.o(.text.writeRegisterIndex_nostop)
    _btod_d2e                                0x00002d79   Thumb Code    62  btod.o(CL$$btod_d2e)
    _d2e_denorm_low                          0x00002db7   Thumb Code    70  btod.o(CL$$btod_d2e_denorm_low)
    _d2e_norm_op1                            0x00002dfd   Thumb Code    96  btod.o(CL$$btod_d2e_norm_op1)
    __btod_div_common                        0x00002e5d   Thumb Code   696  btod.o(CL$$btod_div_common)
    _e2e                                     0x00003195   Thumb Code   220  btod.o(CL$$btod_e2e)
    _btod_ediv                               0x00003271   Thumb Code    42  btod.o(CL$$btod_ediv)
    _btod_emul                               0x0000329b   Thumb Code    42  btod.o(CL$$btod_emul)
    __btod_mult_common                       0x000032c5   Thumb Code   580  btod.o(CL$$btod_mult_common)
    __ARM_fpclassify                         0x00003509   Thumb Code    48  fpclassify.o(i.__ARM_fpclassify)
    _is_digit                                0x00003539   Thumb Code    14  __printf_wp.o(i._is_digit)
    _get_lc_numeric                          0x00003549   Thumb Code    44  lc_numeric_c.o(locale$$code)
    _get_lc_ctype                            0x00003575   Thumb Code    44  lc_ctype_c.o(locale$$code)
    __aeabi_d2f                              0x000035a1   Thumb Code     0  d2f.o(x$fpl$d2f)
    _d2f                                     0x000035a1   Thumb Code    98  d2f.o(x$fpl$d2f)
    __fpl_dcmp_Inf                           0x00003603   Thumb Code    24  dcmpi.o(x$fpl$dcmpinf)
    __aeabi_ddiv                             0x0000361d   Thumb Code     0  ddiv.o(x$fpl$ddiv)
    _ddiv                                    0x0000361d   Thumb Code   556  ddiv.o(x$fpl$ddiv)
    __aeabi_cdcmpeq                          0x000038d1   Thumb Code     0  deqf.o(x$fpl$deqf)
    _dcmpeq                                  0x000038d1   Thumb Code   120  deqf.o(x$fpl$deqf)
    __aeabi_d2uiz                            0x00003949   Thumb Code     0  dfixu.o(x$fpl$dfixu)
    _dfixu                                   0x00003949   Thumb Code    90  dfixu.o(x$fpl$dfixu)
    __aeabi_i2d                              0x000039a3   Thumb Code     0  dflt_clz.o(x$fpl$dflt)
    _dflt                                    0x000039a3   Thumb Code    46  dflt_clz.o(x$fpl$dflt)
    __aeabi_ui2d                             0x000039d1   Thumb Code     0  dflt_clz.o(x$fpl$dfltu)
    _dfltu                                   0x000039d1   Thumb Code    38  dflt_clz.o(x$fpl$dfltu)
    __aeabi_cdcmpge                          0x000039f9   Thumb Code     0  dgeqf.o(x$fpl$dgeqf)
    _dcmpge                                  0x000039f9   Thumb Code   120  dgeqf.o(x$fpl$dgeqf)
    __aeabi_cdcmple                          0x00003a71   Thumb Code     0  dleqf.o(x$fpl$dleqf)
    _dcmple                                  0x00003a71   Thumb Code   120  dleqf.o(x$fpl$dleqf)
    __fpl_dcmple_InfNaN                      0x00003ad3   Thumb Code     0  dleqf.o(x$fpl$dleqf)
    __aeabi_dmul                             0x00003ae9   Thumb Code     0  dmul.o(x$fpl$dmul)
    _dmul                                    0x00003ae9   Thumb Code   332  dmul.o(x$fpl$dmul)
    __fpl_dnaninf                            0x00003c3d   Thumb Code   156  dnaninf.o(x$fpl$dnaninf)
    __fpl_dretinf                            0x00003cd9   Thumb Code    12  dretinf.o(x$fpl$dretinf)
    __aeabi_f2d                              0x00003ce5   Thumb Code     0  f2d.o(x$fpl$f2d)
    _f2d                                     0x00003ce5   Thumb Code    86  f2d.o(x$fpl$f2d)
    __aeabi_dcmpeq                           0x00003d3b   Thumb Code     0  dcmp.o(x$fpl$fcmp)
    _deq                                     0x00003d3b   Thumb Code    14  dcmp.o(x$fpl$fcmp)
    _dneq                                    0x00003d49   Thumb Code    14  dcmp.o(x$fpl$fcmp)
    __aeabi_dcmpgt                           0x00003d57   Thumb Code     0  dcmp.o(x$fpl$fcmp)
    _dgr                                     0x00003d57   Thumb Code    14  dcmp.o(x$fpl$fcmp)
    __aeabi_dcmpge                           0x00003d65   Thumb Code     0  dcmp.o(x$fpl$fcmp)
    _dgeq                                    0x00003d65   Thumb Code    14  dcmp.o(x$fpl$fcmp)
    __aeabi_dcmple                           0x00003d73   Thumb Code     0  dcmp.o(x$fpl$fcmp)
    _dleq                                    0x00003d73   Thumb Code    14  dcmp.o(x$fpl$fcmp)
    __aeabi_dcmplt                           0x00003d81   Thumb Code     0  dcmp.o(x$fpl$fcmp)
    _dls                                     0x00003d81   Thumb Code    14  dcmp.o(x$fpl$fcmp)
    __fpl_fnaninf                            0x00003d8f   Thumb Code   140  fnaninf.o(x$fpl$fnaninf)
    _fp_init                                 0x00003e1b   Thumb Code    26  fpinit.o(x$fpl$fpinit)
    __fplib_config_fpu_vfp                   0x00003e33   Thumb Code     0  fpinit.o(x$fpl$fpinit)
    __fplib_config_pureend_doubles           0x00003e33   Thumb Code     0  fpinit.o(x$fpl$fpinit)
    __fpl_fretinf                            0x00003e35   Thumb Code    10  fretinf.o(x$fpl$fretinf)
    _printf_fp_dec                           0x00003e3f   Thumb Code     4  printf1.o(x$fpl$printf1)
    _printf_fp_hex                           0x00003e43   Thumb Code     4  printf2.o(x$fpl$printf2)
    __I$use$fp                               0x00003e46   Number         0  usenofp.o(x$fpl$usenofp)
    VL51L1X_DEFAULT_CONFIGURATION            0x00003f44   Data          91  vl53l1x_api.o(.rodata.VL51L1X_DEFAULT_CONFIGURATION)
    Region$$Table$$Base                      0x000040c0   Number         0  anon$$obj.o(Region$$Table)
    Region$$Table$$Limit                     0x000040e0   Number         0  anon$$obj.o(Region$$Table)
    __ctype                                  0x00004109   Data           0  lc_ctype_c.o(locale$$data)
    SystemCoreClock                          0x20000000   Data           4  system_msp432e401y.o(.data.SystemCoreClock)
    deg_per_measure                          0x20000004   Data           4  finalproject.o(.data.deg_per_measure)
    dev                                      0x20000008   Data           2  finalproject.o(.data.dev)
    program_stat                             0x2000000c   Data           4  finalproject.o(.data.program_stat)
    sample_num                               0x20000010   Data           4  finalproject.o(.data.sample_num)
    steps                                    0x20000014   Data          16  finalproject.o(.data.steps)
    __libspace_start                         0x20000028   Data          96  libspace.o(.bss)
    Distance                                 0x20000088   Data           2  finalproject.o(.bss.Distance)
    __temporary_stack_top$libspace           0x20000088   Data           0  libspace.o(.bss)
    curr_angle                               0x2000008c   Data           4  finalproject.o(.bss.curr_angle)
    measurement_data                         0x20000090   Data        1024  finalproject.o(.bss.measurement_data)
    sensorState                              0x20000c8e   Data           1  finalproject.o(.bss.sensorState)
    status                                   0x20000c90   Data           4  finalproject.o(.bss.status)



==============================================================================

Memory Map of the image

  Image Entry point : 0x00000375

  Load Region LR_1 (Base: 0x00000000, Size: 0x00004230, Max: 0xffffffff, ABSOLUTE)

    Execution Region ER_RO (Exec base: 0x00000000, Load base: 0x00000000, Size: 0x0000420c, Max: 0xffffffff, ABSOLUTE)

    Exec Addr    Load Addr    Size         Type   Attr      Idx    E Section Name        Object

    0x00000000   0x00000000   0x000001fc   Data   RO          261    RESET               startup_msp432e401y_uvision.o
    0x000001fc   0x000001fc   0x00000008   Code   RO          286  * !!!main             c_w.l(__main.o)
    0x00000204   0x00000204   0x0000005c   Code   RO          665    !!!scatter          c_w.l(__scatter.o)
    0x00000260   0x00000260   0x0000001a   Code   RO          669    !!handler_copy      c_w.l(__scatter_copy.o)
    0x0000027a   0x0000027a   0x00000002   PAD
    0x0000027c   0x0000027c   0x00000002   Code   RO          666    !!handler_null      c_w.l(__scatter.o)
    0x0000027e   0x0000027e   0x00000002   PAD
    0x00000280   0x00000280   0x0000001c   Code   RO          671    !!handler_zi        c_w.l(__scatter_zi.o)
    0x0000029c   0x0000029c   0x00000000   Code   RO          396    .ARM.Collect$$_printf_percent$$00000000  c_w.l(_printf_percent.o)
    0x0000029c   0x0000029c   0x00000006   Code   RO          385    .ARM.Collect$$_printf_percent$$00000001  c_w.l(_printf_n.o)
    0x000002a2   0x000002a2   0x00000006   Code   RO          387    .ARM.Collect$$_printf_percent$$00000002  c_w.l(_printf_p.o)
    0x000002a8   0x000002a8   0x00000006   Code   RO          392    .ARM.Collect$$_printf_percent$$00000003  c_w.l(_printf_f.o)
    0x000002ae   0x000002ae   0x00000006   Code   RO          393    .ARM.Collect$$_printf_percent$$00000004  c_w.l(_printf_e.o)
    0x000002b4   0x000002b4   0x00000006   Code   RO          394    .ARM.Collect$$_printf_percent$$00000005  c_w.l(_printf_g.o)
    0x000002ba   0x000002ba   0x00000006   Code   RO          395    .ARM.Collect$$_printf_percent$$00000006  c_w.l(_printf_a.o)
    0x000002c0   0x000002c0   0x0000000a   Code   RO          400    .ARM.Collect$$_printf_percent$$00000007  c_w.l(_printf_ll.o)
    0x000002ca   0x000002ca   0x00000006   Code   RO          389    .ARM.Collect$$_printf_percent$$00000008  c_w.l(_printf_i.o)
    0x000002d0   0x000002d0   0x00000006   Code   RO          390    .ARM.Collect$$_printf_percent$$00000009  c_w.l(_printf_d.o)
    0x000002d6   0x000002d6   0x00000006   Code   RO          391    .ARM.Collect$$_printf_percent$$0000000A  c_w.l(_printf_u.o)
    0x000002dc   0x000002dc   0x00000006   Code   RO          388    .ARM.Collect$$_printf_percent$$0000000B  c_w.l(_printf_o.o)
    0x000002e2   0x000002e2   0x00000006   Code   RO          386    .ARM.Collect$$_printf_percent$$0000000C  c_w.l(_printf_x.o)
    0x000002e8   0x000002e8   0x00000006   Code   RO          397    .ARM.Collect$$_printf_percent$$0000000D  c_w.l(_printf_lli.o)
    0x000002ee   0x000002ee   0x00000006   Code   RO          398    .ARM.Collect$$_printf_percent$$0000000E  c_w.l(_printf_lld.o)
    0x000002f4   0x000002f4   0x00000006   Code   RO          399    .ARM.Collect$$_printf_percent$$0000000F  c_w.l(_printf_llu.o)
    0x000002fa   0x000002fa   0x00000006   Code   RO          404    .ARM.Collect$$_printf_percent$$00000010  c_w.l(_printf_llo.o)
    0x00000300   0x00000300   0x00000006   Code   RO          405    .ARM.Collect$$_printf_percent$$00000011  c_w.l(_printf_llx.o)
    0x00000306   0x00000306   0x0000000a   Code   RO          401    .ARM.Collect$$_printf_percent$$00000012  c_w.l(_printf_l.o)
    0x00000310   0x00000310   0x00000006   Code   RO          383    .ARM.Collect$$_printf_percent$$00000013  c_w.l(_printf_c.o)
    0x00000316   0x00000316   0x00000006   Code   RO          384    .ARM.Collect$$_printf_percent$$00000014  c_w.l(_printf_s.o)
    0x0000031c   0x0000031c   0x00000006   Code   RO          402    .ARM.Collect$$_printf_percent$$00000015  c_w.l(_printf_lc.o)
    0x00000322   0x00000322   0x00000006   Code   RO          403    .ARM.Collect$$_printf_percent$$00000016  c_w.l(_printf_ls.o)
    0x00000328   0x00000328   0x00000004   Code   RO          461    .ARM.Collect$$_printf_percent$$00000017  c_w.l(_printf_percent_end.o)
    0x0000032c   0x0000032c   0x00000002   Code   RO          514    .ARM.Collect$$libinit$$00000000  c_w.l(libinit.o)
    0x0000032e   0x0000032e   0x00000004   Code   RO          531    .ARM.Collect$$libinit$$00000001  c_w.l(libinit2.o)
    0x00000332   0x00000332   0x00000000   Code   RO          534    .ARM.Collect$$libinit$$00000004  c_w.l(libinit2.o)
    0x00000332   0x00000332   0x00000000   Code   RO          536    .ARM.Collect$$libinit$$00000006  c_w.l(libinit2.o)
    0x00000332   0x00000332   0x00000000   Code   RO          539    .ARM.Collect$$libinit$$0000000C  c_w.l(libinit2.o)
    0x00000332   0x00000332   0x00000000   Code   RO          541    .ARM.Collect$$libinit$$0000000E  c_w.l(libinit2.o)
    0x00000332   0x00000332   0x00000000   Code   RO          543    .ARM.Collect$$libinit$$00000010  c_w.l(libinit2.o)
    0x00000332   0x00000332   0x00000006   Code   RO          544    .ARM.Collect$$libinit$$00000011  c_w.l(libinit2.o)
    0x00000338   0x00000338   0x00000000   Code   RO          546    .ARM.Collect$$libinit$$00000013  c_w.l(libinit2.o)
    0x00000338   0x00000338   0x0000000c   Code   RO          547    .ARM.Collect$$libinit$$00000014  c_w.l(libinit2.o)
    0x00000344   0x00000344   0x00000000   Code   RO          548    .ARM.Collect$$libinit$$00000015  c_w.l(libinit2.o)
    0x00000344   0x00000344   0x00000000   Code   RO          550    .ARM.Collect$$libinit$$00000017  c_w.l(libinit2.o)
    0x00000344   0x00000344   0x0000000a   Code   RO          551    .ARM.Collect$$libinit$$00000018  c_w.l(libinit2.o)
    0x0000034e   0x0000034e   0x00000000   Code   RO          552    .ARM.Collect$$libinit$$00000019  c_w.l(libinit2.o)
    0x0000034e   0x0000034e   0x00000000   Code   RO          554    .ARM.Collect$$libinit$$0000001B  c_w.l(libinit2.o)
    0x0000034e   0x0000034e   0x00000000   Code   RO          556    .ARM.Collect$$libinit$$0000001D  c_w.l(libinit2.o)
    0x0000034e   0x0000034e   0x00000000   Code   RO          558    .ARM.Collect$$libinit$$0000001F  c_w.l(libinit2.o)
    0x0000034e   0x0000034e   0x00000000   Code   RO          560    .ARM.Collect$$libinit$$00000021  c_w.l(libinit2.o)
    0x0000034e   0x0000034e   0x00000000   Code   RO          562    .ARM.Collect$$libinit$$00000023  c_w.l(libinit2.o)
    0x0000034e   0x0000034e   0x00000000   Code   RO          564    .ARM.Collect$$libinit$$00000025  c_w.l(libinit2.o)
    0x0000034e   0x0000034e   0x00000000   Code   RO          566    .ARM.Collect$$libinit$$00000027  c_w.l(libinit2.o)
    0x0000034e   0x0000034e   0x00000000   Code   RO          570    .ARM.Collect$$libinit$$0000002E  c_w.l(libinit2.o)
    0x0000034e   0x0000034e   0x00000000   Code   RO          572    .ARM.Collect$$libinit$$00000030  c_w.l(libinit2.o)
    0x0000034e   0x0000034e   0x00000000   Code   RO          574    .ARM.Collect$$libinit$$00000032  c_w.l(libinit2.o)
    0x0000034e   0x0000034e   0x00000000   Code   RO          576    .ARM.Collect$$libinit$$00000034  c_w.l(libinit2.o)
    0x0000034e   0x0000034e   0x00000002   Code   RO          577    .ARM.Collect$$libinit$$00000035  c_w.l(libinit2.o)
    0x00000350   0x00000350   0x00000002   Code   RO          601    .ARM.Collect$$libshutdown$$00000000  c_w.l(libshutdown.o)
    0x00000352   0x00000352   0x00000000   Code   RO          616    .ARM.Collect$$libshutdown$$00000002  c_w.l(libshutdown2.o)
    0x00000352   0x00000352   0x00000000   Code   RO          618    .ARM.Collect$$libshutdown$$00000004  c_w.l(libshutdown2.o)
    0x00000352   0x00000352   0x00000000   Code   RO          621    .ARM.Collect$$libshutdown$$00000007  c_w.l(libshutdown2.o)
    0x00000352   0x00000352   0x00000000   Code   RO          624    .ARM.Collect$$libshutdown$$0000000A  c_w.l(libshutdown2.o)
    0x00000352   0x00000352   0x00000000   Code   RO          626    .ARM.Collect$$libshutdown$$0000000C  c_w.l(libshutdown2.o)
    0x00000352   0x00000352   0x00000000   Code   RO          629    .ARM.Collect$$libshutdown$$0000000F  c_w.l(libshutdown2.o)
    0x00000352   0x00000352   0x00000002   Code   RO          630    .ARM.Collect$$libshutdown$$00000010  c_w.l(libshutdown2.o)
    0x00000354   0x00000354   0x00000000   Code   RO          314    .ARM.Collect$$rtentry$$00000000  c_w.l(__rtentry.o)
    0x00000354   0x00000354   0x00000000   Code   RO          430    .ARM.Collect$$rtentry$$00000002  c_w.l(__rtentry2.o)
    0x00000354   0x00000354   0x00000006   Code   RO          442    .ARM.Collect$$rtentry$$00000004  c_w.l(__rtentry4.o)
    0x0000035a   0x0000035a   0x00000000   Code   RO          432    .ARM.Collect$$rtentry$$00000009  c_w.l(__rtentry2.o)
    0x0000035a   0x0000035a   0x00000004   Code   RO          433    .ARM.Collect$$rtentry$$0000000A  c_w.l(__rtentry2.o)
    0x0000035e   0x0000035e   0x00000000   Code   RO          435    .ARM.Collect$$rtentry$$0000000C  c_w.l(__rtentry2.o)
    0x0000035e   0x0000035e   0x00000008   Code   RO          436    .ARM.Collect$$rtentry$$0000000D  c_w.l(__rtentry2.o)
    0x00000366   0x00000366   0x00000002   Code   RO          522    .ARM.Collect$$rtexit$$00000000  c_w.l(rtexit.o)
    0x00000368   0x00000368   0x00000000   Code   RO          579    .ARM.Collect$$rtexit$$00000002  c_w.l(rtexit2.o)
    0x00000368   0x00000368   0x00000004   Code   RO          580    .ARM.Collect$$rtexit$$00000003  c_w.l(rtexit2.o)
    0x0000036c   0x0000036c   0x00000006   Code   RO          581    .ARM.Collect$$rtexit$$00000004  c_w.l(rtexit2.o)
    0x00000372   0x00000372   0x00000002   PAD
    0x00000374   0x00000374   0x0000003c   Code   RO          262  * .text               startup_msp432e401y_uvision.o
    0x000003b0   0x000003b0   0x0000002c   Code   RO          282    .text               c_w.l(sprintf.o)
    0x000003dc   0x000003dc   0x00000006   Code   RO          284    .text               c_w.l(heapauxi.o)
    0x000003e2   0x000003e2   0x0000004e   Code   RO          317    .text               c_w.l(_printf_pad.o)
    0x00000430   0x00000430   0x00000024   Code   RO          319    .text               c_w.l(_printf_truncate.o)
    0x00000454   0x00000454   0x00000052   Code   RO          321    .text               c_w.l(_printf_str.o)
    0x000004a6   0x000004a6   0x00000002   PAD
    0x000004a8   0x000004a8   0x00000078   Code   RO          323    .text               c_w.l(_printf_dec.o)
    0x00000520   0x00000520   0x00000028   Code   RO          325    .text               c_w.l(_printf_charcount.o)
    0x00000548   0x00000548   0x00000030   Code   RO          327    .text               c_w.l(_printf_char_common.o)
    0x00000578   0x00000578   0x0000000a   Code   RO          329    .text               c_w.l(_sputc.o)
    0x00000582   0x00000582   0x00000002   PAD
    0x00000584   0x00000584   0x000000bc   Code   RO          331    .text               c_w.l(_printf_wctomb.o)
    0x00000640   0x00000640   0x0000007c   Code   RO          334    .text               c_w.l(_printf_longlong_dec.o)
    0x000006bc   0x000006bc   0x00000070   Code   RO          340    .text               c_w.l(_printf_oct_int_ll.o)
    0x0000072c   0x0000072c   0x00000094   Code   RO          360    .text               c_w.l(_printf_hex_int_ll_ptr.o)
    0x000007c0   0x000007c0   0x00000188   Code   RO          380    .text               c_w.l(__printf_flags_ss_wp.o)
    0x00000948   0x00000948   0x0000008a   Code   RO          444    .text               c_w.l(lludiv10.o)
    0x000009d2   0x000009d2   0x000000b2   Code   RO          446    .text               c_w.l(_printf_intcommon.o)
    0x00000a84   0x00000a84   0x0000041c   Code   RO          448    .text               c_w.l(_printf_fp_dec.o)
    0x00000ea0   0x00000ea0   0x000002fc   Code   RO          452    .text               c_w.l(_printf_fp_hex.o)
    0x0000119c   0x0000119c   0x0000002c   Code   RO          457    .text               c_w.l(_printf_char.o)
    0x000011c8   0x000011c8   0x0000002c   Code   RO          459    .text               c_w.l(_printf_wchar.o)
    0x000011f4   0x000011f4   0x00000048   Code   RO          462    .text               c_w.l(_c16rtomb.o)
    0x0000123c   0x0000123c   0x0000004a   Code   RO          466    .text               c_w.l(sys_stackheap_outer.o)
    0x00001286   0x00001286   0x00000002   PAD
    0x00001288   0x00001288   0x00000010   Code   RO          468    .text               c_w.l(rt_ctype_table.o)
    0x00001298   0x00001298   0x00000008   Code   RO          473    .text               c_w.l(rt_locale_intlibspace.o)
    0x000012a0   0x000012a0   0x00000080   Code   RO          475    .text               c_w.l(_printf_fp_infnan.o)
    0x00001320   0x00001320   0x000000e4   Code   RO          477    .text               c_w.l(bigflt0.o)
    0x00001404   0x00001404   0x00000012   Code   RO          507    .text               c_w.l(exit.o)
    0x00001416   0x00001416   0x00000002   PAD
    0x00001418   0x00001418   0x00000008   Code   RO          519    .text               c_w.l(libspace.o)
    0x00001420   0x00001420   0x0000007c   Code   RO          529    .text               c_w.l(strcmpv7em.o)
    0x0000149c   0x0000149c   0x0000000c   Code   RO          591    .text               c_w.l(sys_exit.o)
    0x000014a8   0x000014a8   0x00000002   Code   RO          606    .text               c_w.l(use_no_semi.o)
    0x000014aa   0x000014aa   0x00000000   Code   RO          608    .text               c_w.l(indicate_semi.o)
    0x000014aa   0x000014aa   0x00000002   PAD
    0x000014ac   0x000014ac   0x0000004e   Code   RO           10    .text.FlashAllLEDs  onboardleds.o
    0x000014fa   0x000014fa   0x00000002   PAD
    0x000014fc   0x000014fc   0x00000008   Code   RO           16    .text.FlashI2CError  onboardleds.o
    0x00001504   0x00001504   0x00000002   Code   RO           14    .text.FlashI2CRx    onboardleds.o
    0x00001506   0x00001506   0x00000002   PAD
    0x00001508   0x00001508   0x00000002   Code   RO           12    .text.FlashI2CTx    onboardleds.o
    0x0000150a   0x0000150a   0x00000002   PAD
    0x0000150c   0x0000150c   0x00000042   Code   RO            8    .text.FlashLED4     onboardleds.o
    0x0000154e   0x0000154e   0x00000002   PAD
    0x00001550   0x00001550   0x00000084   Code   RO          201    .text.I2C_Init      finalproject.o
    0x000015d4   0x000015d4   0x0000013c   Code   RO           27    .text.PLL_Init      pll.o
    0x00001710   0x00001710   0x0000003e   Code   RO          205    .text.PortH_Init    finalproject.o
    0x0000174e   0x0000174e   0x00000002   PAD
    0x00001750   0x00001750   0x00000040   Code   RO          209    .text.PortL_Init    finalproject.o
    0x00001790   0x00001790   0x0000003e   Code   RO          207    .text.PortM_Init    finalproject.o
    0x000017ce   0x000017ce   0x00000002   PAD
    0x000017d0   0x000017d0   0x0000004c   Code   RO           58    .text.Status_Check  uart.o
    0x0000181c   0x0000181c   0x0000002a   Code   RO           35    .text.SysTick_Init  systick.o
    0x00001846   0x00001846   0x00000002   PAD
    0x00001848   0x00001848   0x00000036   Code   RO           37    .text.SysTick_Wait  systick.o
    0x0000187e   0x0000187e   0x00000002   PAD
    0x00001880   0x00001880   0x00000030   Code   RO           39    .text.SysTick_Wait10ms  systick.o
    0x000018b0   0x000018b0   0x00000024   Code   RO          271    .text.SystemInit    system_msp432e401y.o
    0x000018d4   0x000018d4   0x000000ea   Code   RO           50    .text.UART_Init     uart.o
    0x000019be   0x000019be   0x00000002   PAD
    0x000019c0   0x000019c0   0x0000002e   Code   RO           54    .text.UART_OutChar  uart.o
    0x000019ee   0x000019ee   0x00000002   PAD
    0x000019f0   0x000019f0   0x0000002c   Code   RO           56    .text.UART_printf   uart.o
    0x00001a1c   0x00001a1c   0x00000036   Code   RO          137    .text.VL53L1X_BootState  vl53l1x_api.o
    0x00001a52   0x00001a52   0x00000002   PAD
    0x00001a54   0x00001a54   0x00000066   Code   RO          117    .text.VL53L1X_CheckForDataReady  vl53l1x_api.o
    0x00001aba   0x00001aba   0x00000002   PAD
    0x00001abc   0x00001abc   0x00000026   Code   RO          113    .text.VL53L1X_ClearInterrupt  vl53l1x_api.o
    0x00001ae2   0x00001ae2   0x00000002   PAD
    0x00001ae4   0x00001ae4   0x00000030   Code   RO          141    .text.VL53L1X_GetDistance  vl53l1x_api.o
    0x00001b14   0x00001b14   0x0000004e   Code   RO          127    .text.VL53L1X_GetDistanceMode  vl53l1x_api.o
    0x00001b62   0x00001b62   0x00000002   PAD
    0x00001b64   0x00001b64   0x00000046   Code   RO          123    .text.VL53L1X_GetInterruptPolarity  vl53l1x_api.o
    0x00001baa   0x00001baa   0x00000002   PAD
    0x00001bac   0x00001bac   0x000000f8   Code   RO          129    .text.VL53L1X_GetTimingBudgetInMs  vl53l1x_api.o
    0x00001ca4   0x00001ca4   0x0000011c   Code   RO          111    .text.VL53L1X_SensorInit  vl53l1x_api.o
    0x00001dc0   0x00001dc0   0x00000146   Code   RO          131    .text.VL53L1X_SetDistanceMode  vl53l1x_api.o
    0x00001f06   0x00001f06   0x00000002   PAD
    0x00001f08   0x00001f08   0x00000080   Code   RO          133    .text.VL53L1X_SetInterMeasurementInMs  vl53l1x_api.o
    0x00001f88   0x00001f88   0x0000024a   Code   RO          125    .text.VL53L1X_SetTimingBudgetInMs  vl53l1x_api.o
    0x000021d2   0x000021d2   0x00000002   PAD
    0x000021d4   0x000021d4   0x00000026   Code   RO          115    .text.VL53L1X_StartRanging  vl53l1x_api.o
    0x000021fa   0x000021fa   0x00000002   PAD
    0x000021fc   0x000021fc   0x00000024   Code   RO          119    .text.VL53L1X_StopRanging  vl53l1x_api.o
    0x00002220   0x00002220   0x00000032   Code   RO           91    .text.VL53L1_RdByte  vl53l1_platform_2dx4.o
    0x00002252   0x00002252   0x00000002   PAD
    0x00002254   0x00002254   0x0000004c   Code   RO           93    .text.VL53L1_RdWord  vl53l1_platform_2dx4.o
    0x000022a0   0x000022a0   0x00000030   Code   RO           85    .text.VL53L1_WrByte  vl53l1_platform_2dx4.o
    0x000022d0   0x000022d0   0x00000024   Code   RO           89    .text.VL53L1_WrDWord  vl53l1_platform_2dx4.o
    0x000022f4   0x000022f4   0x0000004a   Code   RO           87    .text.VL53L1_WrWord  vl53l1_platform_2dx4.o
    0x0000233e   0x0000233e   0x00000002   PAD
    0x00002340   0x00002340   0x00000024   Code   RO           71    .text.beginRxI2C    vl53l1_platform_2dx4.o
    0x00002364   0x00002364   0x00000024   Code   RO           69    .text.beginTxI2C    vl53l1_platform_2dx4.o
    0x00002388   0x00002388   0x00000044   Code   RO          225    .text.bootToFChip   finalproject.o
    0x000023cc   0x000023cc   0x00000080   Code   RO          227    .text.initialize_sensor  finalproject.o
    0x0000244c   0x0000244c   0x00000004   PAD
    0x00002450   0x00002450   0x00000210   Code   RO          229    .text.main          finalproject.o
    0x00002660   0x00002660   0x00000120   Code   RO          223    .text.measureYZ     finalproject.o
    0x00002780   0x00002780   0x000000d4   Code   RO           18    .text.onboardLEDs_Init  onboardleds.o
    0x00002854   0x00002854   0x0000007a   Code   RO           79    .text.readI2C       vl53l1_platform_2dx4.o
    0x000028ce   0x000028ce   0x00000002   PAD
    0x000028d0   0x000028d0   0x00000018   Code   RO          219    .text.return_home   finalproject.o
    0x000028e8   0x000028e8   0x000000ba   Code   RO          215    .text.rotate        finalproject.o
    0x000029a2   0x000029a2   0x00000002   PAD
    0x000029a4   0x000029a4   0x0000002a   Code   RO          217    .text.setStepAndWait  finalproject.o
    0x000029ce   0x000029ce   0x00000002   PAD
    0x000029d0   0x000029d0   0x000000b4   Code   RO          213    .text.updateAngle   finalproject.o
    0x00002a84   0x00002a84   0x00000114   Code   RO           77    .text.writeI2C      vl53l1_platform_2dx4.o
    0x00002b98   0x00002b98   0x000000f0   Code   RO           73    .text.writeRegisterIndex  vl53l1_platform_2dx4.o
    0x00002c88   0x00002c88   0x000000f0   Code   RO           75    .text.writeRegisterIndex_nostop  vl53l1_platform_2dx4.o
    0x00002d78   0x00002d78   0x0000003e   Code   RO          480    CL$$btod_d2e        c_w.l(btod.o)
    0x00002db6   0x00002db6   0x00000046   Code   RO          482    CL$$btod_d2e_denorm_low  c_w.l(btod.o)
    0x00002dfc   0x00002dfc   0x00000060   Code   RO          481    CL$$btod_d2e_norm_op1  c_w.l(btod.o)
    0x00002e5c   0x00002e5c   0x00000338   Code   RO          490    CL$$btod_div_common  c_w.l(btod.o)
    0x00003194   0x00003194   0x000000dc   Code   RO          487    CL$$btod_e2e        c_w.l(btod.o)
    0x00003270   0x00003270   0x0000002a   Code   RO          484    CL$$btod_ediv       c_w.l(btod.o)
    0x0000329a   0x0000329a   0x0000002a   Code   RO          483    CL$$btod_emul       c_w.l(btod.o)
    0x000032c4   0x000032c4   0x00000244   Code   RO          489    CL$$btod_mult_common  c_w.l(btod.o)
    0x00003508   0x00003508   0x00000030   Code   RO          517    i.__ARM_fpclassify  m_wm.l(fpclassify.o)
    0x00003538   0x00003538   0x0000000e   Code   RO          373    i._is_digit         c_w.l(__printf_wp.o)
    0x00003546   0x00003546   0x00000002   PAD
    0x00003548   0x00003548   0x0000002c   Code   RO          505    locale$$code        c_w.l(lc_numeric_c.o)
    0x00003574   0x00003574   0x0000002c   Code   RO          527    locale$$code        c_w.l(lc_ctype_c.o)
    0x000035a0   0x000035a0   0x00000062   Code   RO          288    x$fpl$d2f           fz_wm.l(d2f.o)
    0x00003602   0x00003602   0x00000018   Code   RO          464    x$fpl$dcmpinf       fz_wm.l(dcmpi.o)
    0x0000361a   0x0000361a   0x00000002   PAD
    0x0000361c   0x0000361c   0x000002b4   Code   RO          293    x$fpl$ddiv          fz_wm.l(ddiv.o)
    0x000038d0   0x000038d0   0x00000078   Code   RO          406    x$fpl$deqf          fz_wm.l(deqf.o)
    0x00003948   0x00003948   0x0000005a   Code   RO          300    x$fpl$dfixu         fz_wm.l(dfixu.o)
    0x000039a2   0x000039a2   0x0000002e   Code   RO          305    x$fpl$dflt          fz_wm.l(dflt_clz.o)
    0x000039d0   0x000039d0   0x00000026   Code   RO          304    x$fpl$dfltu         fz_wm.l(dflt_clz.o)
    0x000039f6   0x000039f6   0x00000002   PAD
    0x000039f8   0x000039f8   0x00000078   Code   RO          408    x$fpl$dgeqf         fz_wm.l(dgeqf.o)
    0x00003a70   0x00003a70   0x00000078   Code   RO          410    x$fpl$dleqf         fz_wm.l(dleqf.o)
    0x00003ae8   0x00003ae8   0x00000154   Code   RO          310    x$fpl$dmul          fz_wm.l(dmul.o)
    0x00003c3c   0x00003c3c   0x0000009c   Code   RO          412    x$fpl$dnaninf       fz_wm.l(dnaninf.o)
    0x00003cd8   0x00003cd8   0x0000000c   Code   RO          414    x$fpl$dretinf       fz_wm.l(dretinf.o)
    0x00003ce4   0x00003ce4   0x00000056   Code   RO          312    x$fpl$f2d           fz_wm.l(f2d.o)
    0x00003d3a   0x00003d3a   0x00000054   Code   RO          290    x$fpl$fcmp          fz_wm.l(dcmp.o)
    0x00003d8e   0x00003d8e   0x0000008c   Code   RO          416    x$fpl$fnaninf       fz_wm.l(fnaninf.o)
    0x00003e1a   0x00003e1a   0x0000001a   Code   RO          589    x$fpl$fpinit        fz_wm.l(fpinit.o)
    0x00003e34   0x00003e34   0x0000000a   Code   RO          418    x$fpl$fretinf       fz_wm.l(fretinf.o)
    0x00003e3e   0x00003e3e   0x00000004   Code   RO          420    x$fpl$printf1       fz_wm.l(printf1.o)
    0x00003e42   0x00003e42   0x00000004   Code   RO          422    x$fpl$printf2       fz_wm.l(printf2.o)
    0x00003e46   0x00003e46   0x00000000   Code   RO          428    x$fpl$usenofp       fz_wm.l(usenofp.o)
    0x00003e46   0x00003e46   0x00000002   PAD
    0x00003e48   0x00003e48   0x00000008   Data   RO          332    .constdata          c_w.l(_printf_wctomb.o)
    0x00003e50   0x00003e50   0x00000028   Data   RO          361    .constdata          c_w.l(_printf_hex_int_ll_ptr.o)
    0x00003e78   0x00003e78   0x00000011   Data   RO          381    .constdata          c_w.l(__printf_flags_ss_wp.o)
    0x00003e89   0x00003e89   0x00000026   Data   RO          453    .constdata          c_w.l(_printf_fp_hex.o)
    0x00003eaf   0x00003eaf   0x00000001   PAD
    0x00003eb0   0x00003eb0   0x00000094   Data   RO          478    .constdata          c_w.l(bigflt0.o)
    0x00003f44   0x00003f44   0x0000005b   Data   RO          191    .rodata.VL51L1X_DEFAULT_CONFIGURATION  vl53l1x_api.o
    0x00003f9f   0x00003f9f   0x00000023   Data   RO           61    .rodata.str1.1      uart.o
    0x00003fc2   0x00003fc2   0x00000033   Data   RO          192    .rodata.str1.1      vl53l1x_api.o
    0x00003ff5   0x00003ff5   0x000000cb   Data   RO          243    .rodata.str1.1      finalproject.o
    0x000040c0   0x000040c0   0x00000020   Data   RO          664    Region$$Table       anon$$obj.o
    0x000040e0   0x000040e0   0x0000001c   Data   RO          504    locale$$data        c_w.l(lc_numeric_c.o)
    0x000040fc   0x000040fc   0x00000110   Data   RO          526    locale$$data        c_w.l(lc_ctype_c.o)


    Execution Region ER_RW (Exec base: 0x20000000, Load base: 0x0000420c, Size: 0x00000024, Max: 0xffffffff, ABSOLUTE)

    Exec Addr    Load Addr    Size         Type   Attr      Idx    E Section Name        Object

    0x20000000   0x0000420c   0x00000004   Data   RW          273    .data.SystemCoreClock  system_msp432e401y.o
    0x20000004   0x00004210   0x00000004   Data   RW          239    .data.deg_per_measure  finalproject.o
    0x20000008   0x00004214   0x00000002   Data   RW          231    .data.dev           finalproject.o
    0x2000000a   0x00004216   0x00000002   PAD
    0x2000000c   0x00004218   0x00000004   Data   RW          238    .data.program_stat  finalproject.o
    0x20000010   0x0000421c   0x00000004   Data   RW          240    .data.sample_num    finalproject.o
    0x20000014   0x00004220   0x00000010   Data   RW          236    .data.steps         finalproject.o


    Execution Region ER_ZI (Exec base: 0x20000028, Load base: 0x00004230, Size: 0x00000e70, Max: 0xffffffff, ABSOLUTE)

    Exec Addr    Load Addr    Size         Type   Attr      Idx    E Section Name        Object

    0x20000028        -       0x00000060   Zero   RW          520    .bss                c_w.l(libspace.o)
    0x20000088        -       0x00000002   Zero   RW          241    .bss.Distance       finalproject.o
    0x2000008a   0x00004230   0x00000002   PAD
    0x2000008c        -       0x00000004   Zero   RW          237    .bss.curr_angle     finalproject.o
    0x20000090        -       0x00000400   Zero   RW          242    .bss.measurement_data  finalproject.o
    0x20000490        -       0x000003ff   Zero   RW           60    .bss.printf_buffer  uart.o
    0x2000088f        -       0x000003ff   Zero   RW          244    .bss.printf_buffer  finalproject.o
    0x20000c8e        -       0x00000001   Zero   RW          233    .bss.sensorState    finalproject.o
    0x20000c8f   0x00004230   0x00000001   PAD
    0x20000c90        -       0x00000004   Zero   RW          232    .bss.status         finalproject.o
    0x20000c94   0x00004230   0x00000004   PAD
    0x20000c98        -       0x00000000   Zero   RW          260    HEAP                startup_msp432e401y_uvision.o
    0x20000c98        -       0x00000200   Zero   RW          259    STACK               startup_msp432e401y_uvision.o


==============================================================================

Image component sizes


      Code (inc. data)   RO Data    RW Data    ZI Data      Debug   Object Name

      1764         28        203         30       2058       4411   finalproject.o
       368          0          0          0          0       1518   onboardleds.o
       316          0          0          0          0        740   pll.o
        60         22        508          0        512        960   startup_msp432e401y_uvision.o
        36          0          0          4          0       7275   system_msp432e401y.o
       144          0          0          0          0       1067   systick.o
       400          0         35          0       1023       1436   uart.o
      1234          0          0          0          0       4067   vl53l1_platform_2dx4.o
      2036          8        142          0          0      11317   vl53l1x_api.o

    ----------------------------------------------------------------------
      6408         58        920         36       3600      32791   Object Totals
         0          0         32          0          0          0   (incl. Generated)
        50          0          0          2          7          0   (incl. Padding)

    ----------------------------------------------------------------------

      Code (inc. data)   RO Data    RW Data    ZI Data      Debug   Library Member Name

         8          0          0          0          0         68   __main.o
       392          4         17          0          0         92   __printf_flags_ss_wp.o
        14          0          0          0          0         68   __printf_wp.o
         0          0          0          0          0          0   __rtentry.o
        12          0          0          0          0          0   __rtentry2.o
         6          0          0          0          0          0   __rtentry4.o
        94          8          0          0          0          0   __scatter.o
        26          0          0          0          0          0   __scatter_copy.o
        28          0          0          0          0          0   __scatter_zi.o
        72          0          0          0          0         96   _c16rtomb.o
         6          0          0          0          0          0   _printf_a.o
         6          0          0          0          0          0   _printf_c.o
        44          0          0          0          0        108   _printf_char.o
        48          6          0          0          0         96   _printf_char_common.o
        40          0          0          0          0         68   _printf_charcount.o
         6          0          0          0          0          0   _printf_d.o
       120         16          0          0          0         92   _printf_dec.o
         6          0          0          0          0          0   _printf_e.o
         6          0          0          0          0          0   _printf_f.o
      1052          0          0          0          0        148   _printf_fp_dec.o
       764          8         38          0          0        100   _printf_fp_hex.o
       128         16          0          0          0         84   _printf_fp_infnan.o
         6          0          0          0          0          0   _printf_g.o
       148          4         40          0          0        160   _printf_hex_int_ll_ptr.o
         6          0          0          0          0          0   _printf_i.o
       178          0          0          0          0         88   _printf_intcommon.o
        10          0          0          0          0          0   _printf_l.o
         6          0          0          0          0          0   _printf_lc.o
        10          0          0          0          0          0   _printf_ll.o
         6          0          0          0          0          0   _printf_lld.o
         6          0          0          0          0          0   _printf_lli.o
         6          0          0          0          0          0   _printf_llo.o
         6          0          0          0          0          0   _printf_llu.o
         6          0          0          0          0          0   _printf_llx.o
       124         16          0          0          0         92   _printf_longlong_dec.o
         6          0          0          0          0          0   _printf_ls.o
         6          0          0          0          0          0   _printf_n.o
         6          0          0          0          0          0   _printf_o.o
       112          8          0          0          0        124   _printf_oct_int_ll.o
         6          0          0          0          0          0   _printf_p.o
        78          0          0          0          0        108   _printf_pad.o
         0          0          0          0          0          0   _printf_percent.o
         4          0          0          0          0          0   _printf_percent_end.o
         6          0          0          0          0          0   _printf_s.o
        82          0          0          0          0         80   _printf_str.o
        36          0          0          0          0         84   _printf_truncate.o
         6          0          0          0          0          0   _printf_u.o
        44          0          0          0          0        108   _printf_wchar.o
       188          6          8          0          0         92   _printf_wctomb.o
         6          0          0          0          0          0   _printf_x.o
        10          0          0          0          0         68   _sputc.o
       228          4        148          0          0         96   bigflt0.o
      1936        128          0          0          0        668   btod.o
        18          0          0          0          0         80   exit.o
         6          0          0          0          0        152   heapauxi.o
         0          0          0          0          0          0   indicate_semi.o
        44         10        272          0          0         76   lc_ctype_c.o
        44         10         28          0          0         76   lc_numeric_c.o
         2          0          0          0          0          0   libinit.o
        34          0          0          0          0          0   libinit2.o
         2          0          0          0          0          0   libshutdown.o
         2          0          0          0          0          0   libshutdown2.o
         8          4          0          0         96         68   libspace.o
       138          0          0          0          0         80   lludiv10.o
        16          4          0          0          0         76   rt_ctype_table.o
         8          4          0          0          0         68   rt_locale_intlibspace.o
         2          0          0          0          0          0   rtexit.o
        10          0          0          0          0          0   rtexit2.o
        44          6          0          0          0         84   sprintf.o
       124          0          0          0          0         88   strcmpv7em.o
        12          4          0          0          0         68   sys_exit.o
        74          0          0          0          0         80   sys_stackheap_outer.o
         2          0          0          0          0         68   use_no_semi.o
        98          4          0          0          0        140   d2f.o
        84          0          0          0          0        244   dcmp.o
        24          0          0          0          0        116   dcmpi.o
       692        140          0          0          0        264   ddiv.o
       120          4          0          0          0        140   deqf.o
        90          4          0          0          0        140   dfixu.o
        84          0          0          0          0        232   dflt_clz.o
       120          4          0          0          0        140   dgeqf.o
       120          4          0          0          0        140   dleqf.o
       340         12          0          0          0        152   dmul.o
       156          4          0          0          0        140   dnaninf.o
        12          0          0          0          0        116   dretinf.o
        86          4          0          0          0        132   f2d.o
       140          4          0          0          0        132   fnaninf.o
        26          0          0          0          0        116   fpinit.o
        10          0          0          0          0        116   fretinf.o
         4          0          0          0          0        116   printf1.o
         4          0          0          0          0        116   printf2.o
         0          0          0          0          0          0   usenofp.o
        48          0          0          0          0        124   fpclassify.o

    ----------------------------------------------------------------------
      9028        450        552          0         96       6668   Library Totals
        24          0          1          0          0          0   (incl. Padding)

    ----------------------------------------------------------------------

      Code (inc. data)   RO Data    RW Data    ZI Data      Debug   Library Name

      6746        266        551          0         96       3852   c_w.l
      2210        184          0          0          0       2692   fz_wm.l
        48          0          0          0          0        124   m_wm.l

    ----------------------------------------------------------------------
      9028        450        552          0         96       6668   Library Totals

    ----------------------------------------------------------------------

==============================================================================


      Code (inc. data)   RO Data    RW Data    ZI Data      Debug   

     15436        508       1472         36       3696      35559   Grand Totals
     15436        508       1472         36       3696      35559   ELF Image Totals
     15436        508       1472         36          0          0   ROM Totals

==============================================================================

    Total RO  Size (Code + RO Data)                16908 (  16.51kB)
    Total RW  Size (RW Data + ZI Data)              3732 (   3.64kB)
    Total ROM Size (Code + RO Data + RW Data)      16944 (  16.55kB)

==============================================================================

